Archive member included to satisfy reference by file (symbol)

d:/environment/gcc-arm-none-eabi/bin/../lib/gcc/arm-none-eabi/10.3.1/thumb/v7e-m/nofp\libgcc.a(_arm_mulsf3.o)
                              CMakeFiles/1.elf.dir/Core/Src/system_stm32h7xx.c.obj (__aeabi_fmul)
d:/environment/gcc-arm-none-eabi/bin/../lib/gcc/arm-none-eabi/10.3.1/thumb/v7e-m/nofp\libgcc.a(_arm_addsubsf3.o)
                              CMakeFiles/1.elf.dir/Core/Src/system_stm32h7xx.c.obj (__aeabi_fadd)
d:/environment/gcc-arm-none-eabi/bin/../lib/gcc/arm-none-eabi/10.3.1/thumb/v7e-m/nofp\libgcc.a(_arm_muldivsf3.o)
                              CMakeFiles/1.elf.dir/Core/Src/system_stm32h7xx.c.obj (__aeabi_fdiv)
d:/environment/gcc-arm-none-eabi/bin/../lib/gcc/arm-none-eabi/10.3.1/thumb/v7e-m/nofp\libgcc.a(_arm_fixunssfsi.o)
                              CMakeFiles/1.elf.dir/Core/Src/system_stm32h7xx.c.obj (__aeabi_f2uiz)
d:/environment/gcc-arm-none-eabi/bin/../lib/gcc/arm-none-eabi/10.3.1/thumb/v7e-m/nofp\libgcc.a(_aeabi_uldivmod.o)
                              CMakeFiles/1.elf.dir/Drivers/STM32H7xx_HAL_Driver/Src/stm32h7xx_hal_uart.c.obj (__aeabi_uldivmod)
d:/environment/gcc-arm-none-eabi/bin/../lib/gcc/arm-none-eabi/10.3.1/thumb/v7e-m/nofp\libgcc.a(_udivmoddi4.o)
                              d:/environment/gcc-arm-none-eabi/bin/../lib/gcc/arm-none-eabi/10.3.1/thumb/v7e-m/nofp\libgcc.a(_aeabi_uldivmod.o) (__udivmoddi4)
d:/environment/gcc-arm-none-eabi/bin/../lib/gcc/arm-none-eabi/10.3.1/thumb/v7e-m/nofp\libgcc.a(_dvmd_tls.o)
                              d:/environment/gcc-arm-none-eabi/bin/../lib/gcc/arm-none-eabi/10.3.1/thumb/v7e-m/nofp\libgcc.a(_aeabi_uldivmod.o) (__aeabi_ldiv0)
d:/environment/gcc-arm-none-eabi/bin/../lib/gcc/arm-none-eabi/10.3.1/../../../../arm-none-eabi/lib/thumb/v7e-m/nofp\libg.a(lib_a-errno.o)
                              CMakeFiles/1.elf.dir/Core/Src/syscalls.c.obj (__errno)
d:/environment/gcc-arm-none-eabi/bin/../lib/gcc/arm-none-eabi/10.3.1/../../../../arm-none-eabi/lib/thumb/v7e-m/nofp\libg.a(lib_a-exit.o)
                              d:/environment/gcc-arm-none-eabi/bin/../lib/gcc/arm-none-eabi/10.3.1/../../../../arm-none-eabi/lib/thumb/v7e-m/nofp/crt0.o (exit)
d:/environment/gcc-arm-none-eabi/bin/../lib/gcc/arm-none-eabi/10.3.1/../../../../arm-none-eabi/lib/thumb/v7e-m/nofp\libg.a(lib_a-impure.o)
                              d:/environment/gcc-arm-none-eabi/bin/../lib/gcc/arm-none-eabi/10.3.1/../../../../arm-none-eabi/lib/thumb/v7e-m/nofp\libg.a(lib_a-exit.o) (_global_impure_ptr)
d:/environment/gcc-arm-none-eabi/bin/../lib/gcc/arm-none-eabi/10.3.1/../../../../arm-none-eabi/lib/thumb/v7e-m/nofp\libg.a(lib_a-init.o)
                              d:/environment/gcc-arm-none-eabi/bin/../lib/gcc/arm-none-eabi/10.3.1/../../../../arm-none-eabi/lib/thumb/v7e-m/nofp/crt0.o (__libc_init_array)
d:/environment/gcc-arm-none-eabi/bin/../lib/gcc/arm-none-eabi/10.3.1/../../../../arm-none-eabi/lib/thumb/v7e-m/nofp\libg.a(lib_a-memset.o)
                              d:/environment/gcc-arm-none-eabi/bin/../lib/gcc/arm-none-eabi/10.3.1/../../../../arm-none-eabi/lib/thumb/v7e-m/nofp/crt0.o (memset)
d:/environment/gcc-arm-none-eabi/bin/../lib/gcc/arm-none-eabi/10.3.1/../../../../arm-none-eabi/lib/thumb/v7e-m/nofp\libg.a(lib_a-__call_atexit.o)
                              d:/environment/gcc-arm-none-eabi/bin/../lib/gcc/arm-none-eabi/10.3.1/../../../../arm-none-eabi/lib/thumb/v7e-m/nofp\libg.a(lib_a-exit.o) (__call_exitprocs)
d:/environment/gcc-arm-none-eabi/bin/../lib/gcc/arm-none-eabi/10.3.1/../../../../arm-none-eabi/lib/thumb/v7e-m/nofp\libg.a(lib_a-atexit.o)
                              d:/environment/gcc-arm-none-eabi/bin/../lib/gcc/arm-none-eabi/10.3.1/../../../../arm-none-eabi/lib/thumb/v7e-m/nofp\libg.a(lib_a-__call_atexit.o) (atexit)
d:/environment/gcc-arm-none-eabi/bin/../lib/gcc/arm-none-eabi/10.3.1/../../../../arm-none-eabi/lib/thumb/v7e-m/nofp\libg.a(lib_a-fini.o)
                              d:/environment/gcc-arm-none-eabi/bin/../lib/gcc/arm-none-eabi/10.3.1/../../../../arm-none-eabi/lib/thumb/v7e-m/nofp\libg.a(lib_a-__call_atexit.o) (__libc_fini_array)
d:/environment/gcc-arm-none-eabi/bin/../lib/gcc/arm-none-eabi/10.3.1/../../../../arm-none-eabi/lib/thumb/v7e-m/nofp\libg.a(lib_a-lock.o)
                              d:/environment/gcc-arm-none-eabi/bin/../lib/gcc/arm-none-eabi/10.3.1/../../../../arm-none-eabi/lib/thumb/v7e-m/nofp\libg.a(lib_a-__call_atexit.o) (__retarget_lock_acquire_recursive)
d:/environment/gcc-arm-none-eabi/bin/../lib/gcc/arm-none-eabi/10.3.1/../../../../arm-none-eabi/lib/thumb/v7e-m/nofp\libg.a(lib_a-__atexit.o)
                              d:/environment/gcc-arm-none-eabi/bin/../lib/gcc/arm-none-eabi/10.3.1/../../../../arm-none-eabi/lib/thumb/v7e-m/nofp\libg.a(lib_a-atexit.o) (__register_exitproc)

Discarded input sections

 .text          0x00000000        0x0 d:/environment/gcc-arm-none-eabi/bin/../lib/gcc/arm-none-eabi/10.3.1/thumb/v7e-m/nofp/crti.o
[...]
Memory Configuration

Name             Origin             Length             Attributes
FLASH            0x08000000         0x00020000         xr
DTCMRAM          0x20000000         0x00020000         xrw
RAM_D1           0x24000000         0x00080000         xrw
RAM_D2           0x30000000         0x00048000         xrw
RAM_D3           0x38000000         0x00010000         xrw
ITCMRAM          0x00000000         0x00010000         xrw
*default*        0x00000000         0xffffffff

Linker script and memory map

LOAD d:/environment/gcc-arm-none-eabi/bin/../lib/gcc/arm-none-eabi/10.3.1/thumb/v7e-m/nofp/crti.o
LOAD d:/environment/gcc-arm-none-eabi/bin/../lib/gcc/arm-none-eabi/10.3.1/thumb/v7e-m/nofp/crtbegin.o
LOAD d:/environment/gcc-arm-none-eabi/bin/../lib/gcc/arm-none-eabi/10.3.1/../../../../arm-none-eabi/lib/thumb/v7e-m/nofp/crt0.o
LOAD CMakeFiles/1.elf.dir/Core/Src/gpio.c.obj
LOAD CMakeFiles/1.elf.dir/Core/Src/main.c.obj
LOAD CMakeFiles/1.elf.dir/Core/Src/stm32h7xx_hal_msp.c.obj
LOAD CMakeFiles/1.elf.dir/Core/Src/stm32h7xx_it.c.obj
LOAD CMakeFiles/1.elf.dir/Core/Src/syscalls.c.obj
LOAD CMakeFiles/1.elf.dir/Core/Src/sysmem.c.obj
LOAD CMakeFiles/1.elf.dir/Core/Src/system_stm32h7xx.c.obj
LOAD CMakeFiles/1.elf.dir/Core/Src/usart.c.obj
LOAD CMakeFiles/1.elf.dir/Core/Startup/startup_stm32h750vbtx.s.obj
LOAD CMakeFiles/1.elf.dir/Drivers/STM32H7xx_HAL_Driver/Src/stm32h7xx_hal.c.obj
LOAD CMakeFiles/1.elf.dir/Drivers/STM32H7xx_HAL_Driver/Src/stm32h7xx_hal_cortex.c.obj
LOAD CMakeFiles/1.elf.dir/Drivers/STM32H7xx_HAL_Driver/Src/stm32h7xx_hal_dma.c.obj
LOAD CMakeFiles/1.elf.dir/Drivers/STM32H7xx_HAL_Driver/Src/stm32h7xx_hal_dma_ex.c.obj
LOAD CMakeFiles/1.elf.dir/Drivers/STM32H7xx_HAL_Driver/Src/stm32h7xx_hal_exti.c.obj
LOAD CMakeFiles/1.elf.dir/Drivers/STM32H7xx_HAL_Driver/Src/stm32h7xx_hal_flash.c.obj
LOAD CMakeFiles/1.elf.dir/Drivers/STM32H7xx_HAL_Driver/Src/stm32h7xx_hal_flash_ex.c.obj
LOAD CMakeFiles/1.elf.dir/Drivers/STM32H7xx_HAL_Driver/Src/stm32h7xx_hal_gpio.c.obj
LOAD CMakeFiles/1.elf.dir/Drivers/STM32H7xx_HAL_Driver/Src/stm32h7xx_hal_hsem.c.obj
LOAD CMakeFiles/1.elf.dir/Drivers/STM32H7xx_HAL_Driver/Src/stm32h7xx_hal_i2c.c.obj
LOAD CMakeFiles/1.elf.dir/Drivers/STM32H7xx_HAL_Driver/Src/stm32h7xx_hal_i2c_ex.c.obj
LOAD CMakeFiles/1.elf.dir/Drivers/STM32H7xx_HAL_Driver/Src/stm32h7xx_hal_mdma.c.obj
LOAD CMakeFiles/1.elf.dir/Drivers/STM32H7xx_HAL_Driver/Src/stm32h7xx_hal_pwr.c.obj
LOAD CMakeFiles/1.elf.dir/Drivers/STM32H7xx_HAL_Driver/Src/stm32h7xx_hal_pwr_ex.c.obj
LOAD CMakeFiles/1.elf.dir/Drivers/STM32H7xx_HAL_Driver/Src/stm32h7xx_hal_rcc.c.obj
LOAD CMakeFiles/1.elf.dir/Drivers/STM32H7xx_HAL_Driver/Src/stm32h7xx_hal_rcc_ex.c.obj
LOAD CMakeFiles/1.elf.dir/Drivers/STM32H7xx_HAL_Driver/Src/stm32h7xx_hal_tim.c.obj
LOAD CMakeFiles/1.elf.dir/Drivers/STM32H7xx_HAL_Driver/Src/stm32h7xx_hal_tim_ex.c.obj
LOAD CMakeFiles/1.elf.dir/Drivers/STM32H7xx_HAL_Driver/Src/stm32h7xx_hal_uart.c.obj
LOAD CMakeFiles/1.elf.dir/Drivers/STM32H7xx_HAL_Driver/Src/stm32h7xx_hal_uart_ex.c.obj
START GROUP
LOAD d:/environment/gcc-arm-none-eabi/bin/../lib/gcc/arm-none-eabi/10.3.1/thumb/v7e-m/nofp\libgcc.a
LOAD d:/environment/gcc-arm-none-eabi/bin/../lib/gcc/arm-none-eabi/10.3.1/../../../../arm-none-eabi/lib/thumb/v7e-m/nofp\libg.a
LOAD d:/environment/gcc-arm-none-eabi/bin/../lib/gcc/arm-none-eabi/10.3.1/../../../../arm-none-eabi/lib/thumb/v7e-m/nofp\libc.a
END GROUP
LOAD d:/environment/gcc-arm-none-eabi/bin/../lib/gcc/arm-none-eabi/10.3.1/thumb/v7e-m/nofp/crtend.o
LOAD d:/environment/gcc-arm-none-eabi/bin/../lib/gcc/arm-none-eabi/10.3.1/thumb/v7e-m/nofp/crtn.o
                0x24080000                _estack = (ORIGIN (RAM_D1) + LENGTH (RAM_D1))
                0x00000200                _Min_Heap_Size = 0x200
                0x00000400                _Min_Stack_Size = 0x400

.isr_vector     0x08000000      0x298
                0x08000000                . = ALIGN (0x4)
 *(.isr_vector)
 .isr_vector    0x08000000      0x298 CMakeFiles/1.elf.dir/Core/Startup/startup_stm32h750vbtx.s.obj
                0x08000000                g_pfnVectors
                0x08000298                . = ALIGN (0x4)

.text           0x08000298     0x3adc
                0x08000298                . = ALIGN (0x4)
 *(.text)
 .text          0x08000298       0x40 d:/environment/gcc-arm-none-eabi/bin/../lib/gcc/arm-none-eabi/10.3.1/thumb/v7e-m/nofp/crtbegin.o
 .text          0x080002d8      0x21c d:/environment/gcc-arm-none-eabi/bin/../lib/gcc/arm-none-eabi/10.3.1/thumb/v7e-m/nofp\libgcc.a(_arm_addsubsf3.o)
                0x080002d8                __aeabi_frsub
                0x080002e0                __subsf3
                0x080002e0                __aeabi_fsub
                0x080002e4                __aeabi_fadd
                0x080002e4                __addsf3
                0x08000444                __aeabi_ui2f
                0x08000444                __floatunsisf
                0x0800044c                __aeabi_i2f
                0x0800044c                __floatsisf
                0x08000468                __aeabi_ul2f
                0x08000468                __floatundisf
                0x08000478                __aeabi_l2f
                0x08000478                __floatdisf
 .text          0x080004f4      0x2a0 d:/environment/gcc-arm-none-eabi/bin/../lib/gcc/arm-none-eabi/10.3.1/thumb/v7e-m/nofp\libgcc.a(_arm_muldivsf3.o)
                0x080004f4                __mulsf3
                0x080004f4                __aeabi_fmul
                0x0800065c                __aeabi_fdiv
                0x0800065c                __divsf3
 .text          0x08000794       0x40 d:/environment/gcc-arm-none-eabi/bin/../lib/gcc/arm-none-eabi/10.3.1/thumb/v7e-m/nofp\libgcc.a(_arm_fixunssfsi.o)
                0x08000794                __fixunssfsi
                0x08000794                __aeabi_f2uiz
 .text          0x080007d4       0x30 d:/environment/gcc-arm-none-eabi/bin/../lib/gcc/arm-none-eabi/10.3.1/thumb/v7e-m/nofp\libgcc.a(_aeabi_uldivmod.o)
                0x080007d4                __aeabi_uldivmod
 .text          0x08000804      0x2d0 d:/environment/gcc-arm-none-eabi/bin/../lib/gcc/arm-none-eabi/10.3.1/thumb/v7e-m/nofp\libgcc.a(_udivmoddi4.o)
                0x08000804                __udivmoddi4
 .text          0x08000ad4        0x4 d:/environment/gcc-arm-none-eabi/bin/../lib/gcc/arm-none-eabi/10.3.1/thumb/v7e-m/nofp\libgcc.a(_dvmd_tls.o)
                0x08000ad4                __aeabi_idiv0
                0x08000ad4                __aeabi_ldiv0
 *(.text*)
 .text.MX_GPIO_Init
                0x08000ad8      0x118 CMakeFiles/1.elf.dir/Core/Src/gpio.c.obj
                0x08000ad8                MX_GPIO_Init
 .text.delay    0x08000bf0        0x8 CMakeFiles/1.elf.dir/Core/Src/gpio.c.obj
                0x08000bf0                delay
 .text.WriteToAD5754RViaSpi
                0x08000bf8       0x90 CMakeFiles/1.elf.dir/Core/Src/gpio.c.obj
                0x08000bf8                WriteToAD5754RViaSpi
 .text.ConfigAD5754R
                0x08000c88       0x38 CMakeFiles/1.elf.dir/Core/Src/gpio.c.obj
                0x08000c88                ConfigAD5754R
 .text.Error_Handler
                0x08000cc0        0x4 CMakeFiles/1.elf.dir/Core/Src/main.c.obj
                0x08000cc0                Error_Handler
 .text.SystemClock_Config
                0x08000cc4       0xc4 CMakeFiles/1.elf.dir/Core/Src/main.c.obj
                0x08000cc4                SystemClock_Config
 .text.main     0x08000d88       0x4c CMakeFiles/1.elf.dir/Core/Src/main.c.obj
                0x08000d88                main
 .text.HAL_MspInit
                0x08000dd4       0x24 CMakeFiles/1.elf.dir/Core/Src/stm32h7xx_hal_msp.c.obj
                0x08000dd4                HAL_MspInit
 .text.NMI_Handler
                0x08000df8        0x2 CMakeFiles/1.elf.dir/Core/Src/stm32h7xx_it.c.obj
                0x08000df8                NMI_Handler
 .text.HardFault_Handler
                0x08000dfa        0x2 CMakeFiles/1.elf.dir/Core/Src/stm32h7xx_it.c.obj
                0x08000dfa                HardFault_Handler
 .text.MemManage_Handler
                0x08000dfc        0x2 CMakeFiles/1.elf.dir/Core/Src/stm32h7xx_it.c.obj
                0x08000dfc                MemManage_Handler
 .text.BusFault_Handler
                0x08000dfe        0x2 CMakeFiles/1.elf.dir/Core/Src/stm32h7xx_it.c.obj
                0x08000dfe                BusFault_Handler
 .text.UsageFault_Handler
                0x08000e00        0x2 CMakeFiles/1.elf.dir/Core/Src/stm32h7xx_it.c.obj
                0x08000e00                UsageFault_Handler
 .text.SVC_Handler
                0x08000e02        0x2 CMakeFiles/1.elf.dir/Core/Src/stm32h7xx_it.c.obj
                0x08000e02                SVC_Handler
 .text.DebugMon_Handler
                0x08000e04        0x2 CMakeFiles/1.elf.dir/Core/Src/stm32h7xx_it.c.obj
                0x08000e04                DebugMon_Handler
 .text.PendSV_Handler
                0x08000e06        0x2 CMakeFiles/1.elf.dir/Core/Src/stm32h7xx_it.c.obj
                0x08000e06                PendSV_Handler
 .text.SysTick_Handler
                0x08000e08        0x8 CMakeFiles/1.elf.dir/Core/Src/stm32h7xx_it.c.obj
                0x08000e08                SysTick_Handler
 .text.SystemInit
                0x08000e10       0xbc CMakeFiles/1.elf.dir/Core/Src/system_stm32h7xx.c.obj
                0x08000e10                SystemInit
 .text.MX_UART8_Init
                0x08000ecc       0x68 CMakeFiles/1.elf.dir/Core/Src/usart.c.obj
                0x08000ecc                MX_UART8_Init
 .text.HAL_UART_MspInit
                0x08000f34       0x98 CMakeFiles/1.elf.dir/Core/Src/usart.c.obj
                0x08000f34                HAL_UART_MspInit
 .text.Reset_Handler
                0x08000fcc       0x50 CMakeFiles/1.elf.dir/Core/Startup/startup_stm32h750vbtx.s.obj
                0x08000fcc                Reset_Handler
 .text.Default_Handler
                0x0800101c        0x2 CMakeFiles/1.elf.dir/Core/Startup/startup_stm32h750vbtx.s.obj
                0x0800101c                RTC_Alarm_IRQHandler
                0x0800101c                HASH_RNG_IRQHandler
                0x0800101c                EXTI2_IRQHandler
                0x0800101c                TIM8_CC_IRQHandler
                0x0800101c                HRTIM1_Master_IRQHandler
                0x0800101c                UART8_IRQHandler
                0x0800101c                SPI4_IRQHandler
                0x0800101c                TIM1_CC_IRQHandler
                0x0800101c                BDMA_Channel6_IRQHandler
                0x0800101c                DMA2_Stream5_IRQHandler
                0x0800101c                HRTIM1_FLT_IRQHandler
                0x0800101c                JPEG_IRQHandler
                0x0800101c                DMA1_Stream5_IRQHandler
                0x0800101c                BDMA_Channel1_IRQHandler
                0x0800101c                HRTIM1_TIMD_IRQHandler
                0x0800101c                TAMP_STAMP_IRQHandler
                0x0800101c                EXTI3_IRQHandler
                0x0800101c                LPTIM4_IRQHandler
                0x0800101c                TIM8_TRG_COM_TIM14_IRQHandler
                0x0800101c                LPTIM2_IRQHandler
                0x0800101c                DFSDM1_FLT1_IRQHandler
                0x0800101c                DMAMUX2_OVR_IRQHandler
                0x0800101c                TIM8_UP_TIM13_IRQHandler
                0x0800101c                I2C3_ER_IRQHandler
                0x0800101c                DFSDM1_FLT2_IRQHandler
                0x0800101c                MDMA_IRQHandler
                0x0800101c                LPTIM3_IRQHandler
                0x0800101c                HSEM1_IRQHandler
                0x0800101c                EXTI0_IRQHandler
                0x0800101c                I2C2_EV_IRQHandler
                0x0800101c                DMA1_Stream2_IRQHandler
                0x0800101c                FPU_IRQHandler
                0x0800101c                OTG_HS_WKUP_IRQHandler
                0x0800101c                FDCAN1_IT1_IRQHandler
                0x0800101c                LTDC_ER_IRQHandler
                0x0800101c                DMA2_Stream2_IRQHandler
                0x0800101c                HRTIM1_TIME_IRQHandler
                0x0800101c                SPI1_IRQHandler
                0x0800101c                TIM6_DAC_IRQHandler
                0x0800101c                DCMI_IRQHandler
                0x0800101c                HRTIM1_TIMC_IRQHandler
                0x0800101c                DMA2_Stream3_IRQHandler
                0x0800101c                SAI2_IRQHandler
                0x0800101c                DFSDM1_FLT3_IRQHandler
                0x0800101c                USART6_IRQHandler
                0x0800101c                TIM17_IRQHandler
                0x0800101c                USART3_IRQHandler
                0x0800101c                BDMA_Channel7_IRQHandler
                0x0800101c                CRYP_IRQHandler
                0x0800101c                LPTIM5_IRQHandler
                0x0800101c                UART5_IRQHandler
                0x0800101c                ADC3_IRQHandler
                0x0800101c                DMA2_Stream0_IRQHandler
                0x0800101c                TIM4_IRQHandler
                0x0800101c                BDMA_Channel2_IRQHandler
                0x0800101c                QUADSPI_IRQHandler
                0x0800101c                I2C1_EV_IRQHandler
                0x0800101c                DMA1_Stream6_IRQHandler
                0x0800101c                DMAMUX1_OVR_IRQHandler
                0x0800101c                DMA1_Stream1_IRQHandler
                0x0800101c                TIM16_IRQHandler
                0x0800101c                UART4_IRQHandler
                0x0800101c                BDMA_Channel5_IRQHandler
                0x0800101c                TIM3_IRQHandler
                0x0800101c                RCC_IRQHandler
                0x0800101c                TIM8_BRK_TIM12_IRQHandler
                0x0800101c                TIM1_TRG_COM_IRQHandler
                0x0800101c                Default_Handler
                0x0800101c                ECC_IRQHandler
                0x0800101c                CEC_IRQHandler
                0x0800101c                EXTI15_10_IRQHandler
                0x0800101c                BDMA_Channel0_IRQHandler
                0x0800101c                ADC_IRQHandler
                0x0800101c                DMA1_Stream7_IRQHandler
                0x0800101c                HRTIM1_TIMA_IRQHandler
                0x0800101c                SPI5_IRQHandler
                0x0800101c                TIM7_IRQHandler
                0x0800101c                SDMMC1_IRQHandler
                0x0800101c                TIM5_IRQHandler
                0x0800101c                DMA2_Stream7_IRQHandler
                0x0800101c                TIM15_IRQHandler
                0x0800101c                PVD_AVD_IRQHandler
                0x0800101c                I2C3_EV_IRQHandler
                0x0800101c                EXTI9_5_IRQHandler
                0x0800101c                RTC_WKUP_IRQHandler
                0x0800101c                LTDC_IRQHandler
                0x0800101c                SAI3_IRQHandler
                0x0800101c                ETH_WKUP_IRQHandler
                0x0800101c                SPDIF_RX_IRQHandler
                0x0800101c                SPI2_IRQHandler
                0x0800101c                OTG_HS_EP1_IN_IRQHandler
                0x0800101c                DMA1_Stream0_IRQHandler
                0x0800101c                CRS_IRQHandler
                0x0800101c                EXTI4_IRQHandler
                0x0800101c                HRTIM1_TIMB_IRQHandler
                0x0800101c                FDCAN2_IT1_IRQHandler
                0x0800101c                ETH_IRQHandler
                0x0800101c                TIM1_UP_IRQHandler
                0x0800101c                BDMA_Channel4_IRQHandler
                0x0800101c                OTG_HS_EP1_OUT_IRQHandler
                0x0800101c                WWDG_IRQHandler
                0x0800101c                SPI6_IRQHandler
                0x0800101c                MDIOS_IRQHandler
                0x0800101c                I2C4_EV_IRQHandler
                0x0800101c                FDCAN2_IT0_IRQHandler
                0x0800101c                LPUART1_IRQHandler
                0x0800101c                FDCAN1_IT0_IRQHandler
                0x0800101c                TIM2_IRQHandler
                0x0800101c                OTG_FS_WKUP_IRQHandler
                0x0800101c                OTG_HS_IRQHandler
                0x0800101c                DMA2D_IRQHandler
                0x0800101c                TIM1_BRK_IRQHandler
                0x0800101c                EXTI1_IRQHandler
                0x0800101c                SDMMC2_IRQHandler
                0x0800101c                OTG_FS_EP1_OUT_IRQHandler
                0x0800101c                BDMA_Channel3_IRQHandler
                0x0800101c                UART7_IRQHandler
                0x0800101c                MDIOS_WKUP_IRQHandler
                0x0800101c                USART2_IRQHandler
                0x0800101c                DFSDM1_FLT0_IRQHandler
                0x0800101c                SAI4_IRQHandler
                0x0800101c                I2C2_ER_IRQHandler
                0x0800101c                DMA2_Stream1_IRQHandler
                0x0800101c                FLASH_IRQHandler
                0x0800101c                DMA2_Stream4_IRQHandler
                0x0800101c                USART1_IRQHandler
                0x0800101c                OTG_FS_IRQHandler
                0x0800101c                SPI3_IRQHandler
                0x0800101c                WAKEUP_PIN_IRQHandler
                0x0800101c                DMA1_Stream4_IRQHandler
                0x0800101c                OTG_FS_EP1_IN_IRQHandler
                0x0800101c                I2C1_ER_IRQHandler
                0x0800101c                FMC_IRQHandler
                0x0800101c                FDCAN_CAL_IRQHandler
                0x0800101c                SWPMI1_IRQHandler
                0x0800101c                COMP1_IRQHandler
                0x0800101c                LPTIM1_IRQHandler
                0x0800101c                I2C4_ER_IRQHandler
                0x0800101c                DMA2_Stream6_IRQHandler
                0x0800101c                SAI1_IRQHandler
                0x0800101c                DMA1_Stream3_IRQHandler
 *fill*         0x0800101e        0x2 
 .text.HAL_InitTick
                0x08001020       0x50 CMakeFiles/1.elf.dir/Drivers/STM32H7xx_HAL_Driver/Src/stm32h7xx_hal.c.obj
                0x08001020                HAL_InitTick
 .text.HAL_Init
                0x08001070       0x5c CMakeFiles/1.elf.dir/Drivers/STM32H7xx_HAL_Driver/Src/stm32h7xx_hal.c.obj
                0x08001070                HAL_Init
 .text.HAL_IncTick
                0x080010cc       0x18 CMakeFiles/1.elf.dir/Drivers/STM32H7xx_HAL_Driver/Src/stm32h7xx_hal.c.obj
                0x080010cc                HAL_IncTick
 .text.HAL_GetTick
                0x080010e4        0xc CMakeFiles/1.elf.dir/Drivers/STM32H7xx_HAL_Driver/Src/stm32h7xx_hal.c.obj
                0x080010e4                HAL_GetTick
 .text.HAL_Delay
                0x080010f0       0x28 CMakeFiles/1.elf.dir/Drivers/STM32H7xx_HAL_Driver/Src/stm32h7xx_hal.c.obj
                0x080010f0                HAL_Delay
 .text.HAL_GetREVID
                0x08001118        0xc CMakeFiles/1.elf.dir/Drivers/STM32H7xx_HAL_Driver/Src/stm32h7xx_hal.c.obj
                0x08001118                HAL_GetREVID
 .text.HAL_NVIC_SetPriorityGrouping
                0x08001124       0x24 CMakeFiles/1.elf.dir/Drivers/STM32H7xx_HAL_Driver/Src/stm32h7xx_hal_cortex.c.obj
                0x08001124                HAL_NVIC_SetPriorityGrouping
 .text.HAL_NVIC_SetPriority
                0x08001148       0x6c CMakeFiles/1.elf.dir/Drivers/STM32H7xx_HAL_Driver/Src/stm32h7xx_hal_cortex.c.obj
                0x08001148                HAL_NVIC_SetPriority
 .text.HAL_SYSTICK_Config
                0x080011b4       0x28 CMakeFiles/1.elf.dir/Drivers/STM32H7xx_HAL_Driver/Src/stm32h7xx_hal_cortex.c.obj
                0x080011b4                HAL_SYSTICK_Config
 .text.HAL_GPIO_Init
                0x080011dc      0x228 CMakeFiles/1.elf.dir/Drivers/STM32H7xx_HAL_Driver/Src/stm32h7xx_hal_gpio.c.obj
                0x080011dc                HAL_GPIO_Init
 .text.HAL_GPIO_WritePin
                0x08001404        0xc CMakeFiles/1.elf.dir/Drivers/STM32H7xx_HAL_Driver/Src/stm32h7xx_hal_gpio.c.obj
                0x08001404                HAL_GPIO_WritePin
 .text.HAL_PWREx_ConfigSupply
                0x08001410       0x54 CMakeFiles/1.elf.dir/Drivers/STM32H7xx_HAL_Driver/Src/stm32h7xx_hal_pwr_ex.c.obj
                0x08001410                HAL_PWREx_ConfigSupply
 .text.HAL_RCC_OscConfig
                0x08001464      0x6b4 CMakeFiles/1.elf.dir/Drivers/STM32H7xx_HAL_Driver/Src/stm32h7xx_hal_rcc.c.obj
                0x08001464                HAL_RCC_OscConfig
 .text.HAL_RCC_GetSysClockFreq
                0x08001b18      0x218 CMakeFiles/1.elf.dir/Drivers/STM32H7xx_HAL_Driver/Src/stm32h7xx_hal_rcc.c.obj
                0x08001b18                HAL_RCC_GetSysClockFreq
 .text.HAL_RCC_ClockConfig
                0x08001d30      0x294 CMakeFiles/1.elf.dir/Drivers/STM32H7xx_HAL_Driver/Src/stm32h7xx_hal_rcc.c.obj
                0x08001d30                HAL_RCC_ClockConfig
 .text.HAL_RCC_GetHCLKFreq
                0x08001fc4       0x44 CMakeFiles/1.elf.dir/Drivers/STM32H7xx_HAL_Driver/Src/stm32h7xx_hal_rcc.c.obj
                0x08001fc4                HAL_RCC_GetHCLKFreq
 .text.HAL_RCC_GetPCLK1Freq
                0x08002008       0x24 CMakeFiles/1.elf.dir/Drivers/STM32H7xx_HAL_Driver/Src/stm32h7xx_hal_rcc.c.obj
                0x08002008                HAL_RCC_GetPCLK1Freq
 .text.HAL_RCC_GetPCLK2Freq
                0x0800202c       0x24 CMakeFiles/1.elf.dir/Drivers/STM32H7xx_HAL_Driver/Src/stm32h7xx_hal_rcc.c.obj
                0x0800202c                HAL_RCC_GetPCLK2Freq
 .text.RCCEx_PLL2_Config
                0x08002050      0x10c CMakeFiles/1.elf.dir/Drivers/STM32H7xx_HAL_Driver/Src/stm32h7xx_hal_rcc_ex.c.obj
 .text.RCCEx_PLL3_Config
                0x0800215c      0x10c CMakeFiles/1.elf.dir/Drivers/STM32H7xx_HAL_Driver/Src/stm32h7xx_hal_rcc_ex.c.obj
 .text.HAL_RCCEx_PeriphCLKConfig
                0x08002268      0xa8c CMakeFiles/1.elf.dir/Drivers/STM32H7xx_HAL_Driver/Src/stm32h7xx_hal_rcc_ex.c.obj
                0x08002268                HAL_RCCEx_PeriphCLKConfig
 .text.HAL_RCCEx_GetD3PCLK1Freq
                0x08002cf4       0x24 CMakeFiles/1.elf.dir/Drivers/STM32H7xx_HAL_Driver/Src/stm32h7xx_hal_rcc_ex.c.obj
                0x08002cf4                HAL_RCCEx_GetD3PCLK1Freq
 .text.HAL_RCCEx_GetPLL2ClockFreq
                0x08002d18      0x234 CMakeFiles/1.elf.dir/Drivers/STM32H7xx_HAL_Driver/Src/stm32h7xx_hal_rcc_ex.c.obj
                0x08002d18                HAL_RCCEx_GetPLL2ClockFreq
 .text.HAL_RCCEx_GetPLL3ClockFreq
                0x08002f4c      0x234 CMakeFiles/1.elf.dir/Drivers/STM32H7xx_HAL_Driver/Src/stm32h7xx_hal_rcc_ex.c.obj
                0x08002f4c                HAL_RCCEx_GetPLL3ClockFreq
 .text.UART_EndRxTransfer
                0x08003180       0x58 CMakeFiles/1.elf.dir/Drivers/STM32H7xx_HAL_Driver/Src/stm32h7xx_hal_uart.c.obj
 .text.UART_SetConfig
                0x080031d8      0x5f4 CMakeFiles/1.elf.dir/Drivers/STM32H7xx_HAL_Driver/Src/stm32h7xx_hal_uart.c.obj
                0x080031d8                UART_SetConfig
 .text.UART_AdvFeatureConfig
                0x080037cc       0xca CMakeFiles/1.elf.dir/Drivers/STM32H7xx_HAL_Driver/Src/stm32h7xx_hal_uart.c.obj
                0x080037cc                UART_AdvFeatureConfig
 .text.UART_WaitOnFlagUntilTimeout
                0x08003896       0xaa CMakeFiles/1.elf.dir/Drivers/STM32H7xx_HAL_Driver/Src/stm32h7xx_hal_uart.c.obj
                0x08003896                UART_WaitOnFlagUntilTimeout
 .text.UART_CheckIdleState
                0x08003940       0xca CMakeFiles/1.elf.dir/Drivers/STM32H7xx_HAL_Driver/Src/stm32h7xx_hal_uart.c.obj
                0x08003940                UART_CheckIdleState
 .text.HAL_UART_Init
                0x08003a0a       0x66 CMakeFiles/1.elf.dir/Drivers/STM32H7xx_HAL_Driver/Src/stm32h7xx_hal_uart.c.obj
                0x08003a0a                HAL_UART_Init
 .text.UARTEx_SetNbDataToProcess
                0x08003a70       0x4c CMakeFiles/1.elf.dir/Drivers/STM32H7xx_HAL_Driver/Src/stm32h7xx_hal_uart_ex.c.obj
 .text.HAL_UARTEx_DisableFifoMode
                0x08003abc       0x3e CMakeFiles/1.elf.dir/Drivers/STM32H7xx_HAL_Driver/Src/stm32h7xx_hal_uart_ex.c.obj
                0x08003abc                HAL_UARTEx_DisableFifoMode
 .text.HAL_UARTEx_SetTxFifoThreshold
                0x08003afa       0x4a CMakeFiles/1.elf.dir/Drivers/STM32H7xx_HAL_Driver/Src/stm32h7xx_hal_uart_ex.c.obj
                0x08003afa                HAL_UARTEx_SetTxFifoThreshold
 .text.HAL_UARTEx_SetRxFifoThreshold
                0x08003b44       0x4a CMakeFiles/1.elf.dir/Drivers/STM32H7xx_HAL_Driver/Src/stm32h7xx_hal_uart_ex.c.obj
                0x08003b44                HAL_UARTEx_SetRxFifoThreshold
 *fill*         0x08003b8e        0x2 
 .text.__libc_init_array
                0x08003b90       0x48 d:/environment/gcc-arm-none-eabi/bin/../lib/gcc/arm-none-eabi/10.3.1/../../../../arm-none-eabi/lib/thumb/v7e-m/nofp\libg.a(lib_a-init.o)
                0x08003b90                __libc_init_array
 .text.memset   0x08003bd8       0xa4 d:/environment/gcc-arm-none-eabi/bin/../lib/gcc/arm-none-eabi/10.3.1/../../../../arm-none-eabi/lib/thumb/v7e-m/nofp\libg.a(lib_a-memset.o)
                0x08003bd8                memset
 .text.startup.register_fini
                0x08003c7c       0x14 d:/environment/gcc-arm-none-eabi/bin/../lib/gcc/arm-none-eabi/10.3.1/../../../../arm-none-eabi/lib/thumb/v7e-m/nofp\libg.a(lib_a-__call_atexit.o)
 .text.atexit   0x08003c90        0xc d:/environment/gcc-arm-none-eabi/bin/../lib/gcc/arm-none-eabi/10.3.1/../../../../arm-none-eabi/lib/thumb/v7e-m/nofp\libg.a(lib_a-atexit.o)
                0x08003c90                atexit
 .text.__libc_fini_array
                0x08003c9c       0x2c d:/environment/gcc-arm-none-eabi/bin/../lib/gcc/arm-none-eabi/10.3.1/../../../../arm-none-eabi/lib/thumb/v7e-m/nofp\libg.a(lib_a-fini.o)
                0x08003c9c                __libc_fini_array
 .text.__retarget_lock_acquire_recursive
                0x08003cc8        0x4 d:/environment/gcc-arm-none-eabi/bin/../lib/gcc/arm-none-eabi/10.3.1/../../../../arm-none-eabi/lib/thumb/v7e-m/nofp\libg.a(lib_a-lock.o)
                0x08003cc8                __retarget_lock_acquire_recursive
 .text.__retarget_lock_release_recursive
                0x08003ccc        0x4 d:/environment/gcc-arm-none-eabi/bin/../lib/gcc/arm-none-eabi/10.3.1/../../../../arm-none-eabi/lib/thumb/v7e-m/nofp\libg.a(lib_a-lock.o)
                0x08003ccc                __retarget_lock_release_recursive
 .text.__register_exitproc
                0x08003cd0       0x8c d:/environment/gcc-arm-none-eabi/bin/../lib/gcc/arm-none-eabi/10.3.1/../../../../arm-none-eabi/lib/thumb/v7e-m/nofp\libg.a(lib_a-__atexit.o)
                0x08003cd0                __register_exitproc
 *(.glue_7)
 .glue_7        0x08003d5c        0x0 linker stubs
 *(.glue_7t)
 .glue_7t       0x08003d5c        0x0 linker stubs
 *(.eh_frame)
 .eh_frame      0x08003d5c        0x0 d:/environment/gcc-arm-none-eabi/bin/../lib/gcc/arm-none-eabi/10.3.1/thumb/v7e-m/nofp/crtbegin.o
 *(.init)
 .init          0x08003d5c        0x4 d:/environment/gcc-arm-none-eabi/bin/../lib/gcc/arm-none-eabi/10.3.1/thumb/v7e-m/nofp/crti.o
                0x08003d5c                _init
 .init          0x08003d60        0x8 d:/environment/gcc-arm-none-eabi/bin/../lib/gcc/arm-none-eabi/10.3.1/thumb/v7e-m/nofp/crtn.o
 *(.fini)
 .fini          0x08003d68        0x4 d:/environment/gcc-arm-none-eabi/bin/../lib/gcc/arm-none-eabi/10.3.1/thumb/v7e-m/nofp/crti.o
                0x08003d68                _fini
 .fini          0x08003d6c        0x8 d:/environment/gcc-arm-none-eabi/bin/../lib/gcc/arm-none-eabi/10.3.1/thumb/v7e-m/nofp/crtn.o
                0x08003d74                . = ALIGN (0x4)
                0x08003d74                _etext = .

.vfp11_veneer   0x08003d74        0x0
 .vfp11_veneer  0x08003d74        0x0 linker stubs

.v4_bx          0x08003d74        0x0
 .v4_bx         0x08003d74        0x0 linker stubs

.iplt           0x08003d74        0x0
 .iplt          0x08003d74        0x0 d:/environment/gcc-arm-none-eabi/bin/../lib/gcc/arm-none-eabi/10.3.1/thumb/v7e-m/nofp/crtbegin.o

.rodata         0x08003d74       0x40
                0x08003d74                . = ALIGN (0x4)
 *(.rodata)
 .rodata        0x08003d74        0x3 CMakeFiles/1.elf.dir/Core/Src/main.c.obj
 *(.rodata*)
 *fill*         0x08003d77        0x1 
 .rodata.D1CorePrescTable
                0x08003d78       0x10 CMakeFiles/1.elf.dir/Core/Src/system_stm32h7xx.c.obj
                0x08003d78                D1CorePrescTable
 .rodata.UARTPrescTable
                0x08003d88       0x18 CMakeFiles/1.elf.dir/Drivers/STM32H7xx_HAL_Driver/Src/stm32h7xx_hal_uart.c.obj
                0x08003d88                UARTPrescTable
 .rodata.denominator.0
                0x08003da0        0x8 CMakeFiles/1.elf.dir/Drivers/STM32H7xx_HAL_Driver/Src/stm32h7xx_hal_uart_ex.c.obj
 .rodata.numerator.1
                0x08003da8        0x8 CMakeFiles/1.elf.dir/Drivers/STM32H7xx_HAL_Driver/Src/stm32h7xx_hal_uart_ex.c.obj
 .rodata._global_impure_ptr
                0x08003db0        0x4 d:/environment/gcc-arm-none-eabi/bin/../lib/gcc/arm-none-eabi/10.3.1/../../../../arm-none-eabi/lib/thumb/v7e-m/nofp\libg.a(lib_a-impure.o)
                0x08003db0                _global_impure_ptr
                0x08003db4                . = ALIGN (0x4)

.ARM.extab
 *(.ARM.extab* .gnu.linkonce.armextab.*)

.ARM            0x08003db4        0x8
                0x08003db4                __exidx_start = .
 *(.ARM.exidx*)
 .ARM.exidx     0x08003db4        0x8 d:/environment/gcc-arm-none-eabi/bin/../lib/gcc/arm-none-eabi/10.3.1/thumb/v7e-m/nofp\libgcc.a(_udivmoddi4.o)
                0x08003dbc                __exidx_end = .

.rel.dyn        0x08003dbc        0x0
 .rel.iplt      0x08003dbc        0x0 d:/environment/gcc-arm-none-eabi/bin/../lib/gcc/arm-none-eabi/10.3.1/thumb/v7e-m/nofp/crtbegin.o

.preinit_array  0x08003dbc        0x0
                0x08003dbc                PROVIDE (__preinit_array_start = .)
 *(.preinit_array*)
                0x08003dbc                PROVIDE (__preinit_array_end = .)

.init_array     0x08003dbc        0x8
                0x08003dbc                PROVIDE (__init_array_start = .)
 *(SORT_BY_NAME(.init_array.*))
 .init_array.00000
                0x08003dbc        0x4 d:/environment/gcc-arm-none-eabi/bin/../lib/gcc/arm-none-eabi/10.3.1/../../../../arm-none-eabi/lib/thumb/v7e-m/nofp\libg.a(lib_a-__call_atexit.o)
 *(.init_array*)
 .init_array    0x08003dc0        0x4 d:/environment/gcc-arm-none-eabi/bin/../lib/gcc/arm-none-eabi/10.3.1/thumb/v7e-m/nofp/crtbegin.o
                0x08003dc4                PROVIDE (__init_array_end = .)

.fini_array     0x08003dc4        0x4
                0x08003dc4                PROVIDE (__fini_array_start = .)
 *(SORT_BY_NAME(.fini_array.*))
 *(.fini_array*)
 .fini_array    0x08003dc4        0x4 d:/environment/gcc-arm-none-eabi/bin/../lib/gcc/arm-none-eabi/10.3.1/thumb/v7e-m/nofp/crtbegin.o
                0x08003dc8                PROVIDE (__fini_array_end = .)
                0x08003dc8                _sidata = LOADADDR (.data)

.data           0x24000000      0x43c load address 0x08003dc8
                0x24000000                . = ALIGN (0x4)
                0x24000000                _sdata = .
 *(.data)
 *(.data*)
 .data.SystemCoreClock
                0x24000000        0x4 CMakeFiles/1.elf.dir/Core/Src/system_stm32h7xx.c.obj
                0x24000000                SystemCoreClock
 .data.SystemD2Clock
                0x24000004        0x4 CMakeFiles/1.elf.dir/Core/Src/system_stm32h7xx.c.obj
                0x24000004                SystemD2Clock
 .data.uwTickFreq
                0x24000008        0x1 CMakeFiles/1.elf.dir/Drivers/STM32H7xx_HAL_Driver/Src/stm32h7xx_hal.c.obj
                0x24000008                uwTickFreq
 *fill*         0x24000009        0x3 
 .data.uwTickPrio
                0x2400000c        0x4 CMakeFiles/1.elf.dir/Drivers/STM32H7xx_HAL_Driver/Src/stm32h7xx_hal.c.obj
                0x2400000c                uwTickPrio
 .data.impure_data
                0x24000010      0x428 d:/environment/gcc-arm-none-eabi/bin/../lib/gcc/arm-none-eabi/10.3.1/../../../../arm-none-eabi/lib/thumb/v7e-m/nofp\libg.a(lib_a-impure.o)
 .data.__atexit_recursive_mutex
                0x24000438        0x4 d:/environment/gcc-arm-none-eabi/bin/../lib/gcc/arm-none-eabi/10.3.1/../../../../arm-none-eabi/lib/thumb/v7e-m/nofp\libg.a(lib_a-__call_atexit.o)
                0x24000438                __atexit_recursive_mutex
 *(.RamFunc)
 *(.RamFunc*)
                0x2400043c                . = ALIGN (0x4)
                0x2400043c                _edata = .

.igot.plt       0x2400043c        0x0 load address 0x08004204
 .igot.plt      0x2400043c        0x0 d:/environment/gcc-arm-none-eabi/bin/../lib/gcc/arm-none-eabi/10.3.1/thumb/v7e-m/nofp/crtbegin.o
                0x2400043c                . = ALIGN (0x4)

.bss            0x2400043c       0xb8 load address 0x08004204
                0x2400043c                _sbss = .
                0x2400043c                __bss_start__ = _sbss
 *(.bss)
 .bss           0x2400043c       0x1c d:/environment/gcc-arm-none-eabi/bin/../lib/gcc/arm-none-eabi/10.3.1/thumb/v7e-m/nofp/crtbegin.o
 *(.bss*)
 .bss.huart8    0x24000458       0x94 CMakeFiles/1.elf.dir/Core/Src/usart.c.obj
                0x24000458                huart8
 .bss.uwTick    0x240004ec        0x4 CMakeFiles/1.elf.dir/Drivers/STM32H7xx_HAL_Driver/Src/stm32h7xx_hal.c.obj
                0x240004ec                uwTick
 .bss.__lock___atexit_recursive_mutex
                0x240004f0        0x1 d:/environment/gcc-arm-none-eabi/bin/../lib/gcc/arm-none-eabi/10.3.1/../../../../arm-none-eabi/lib/thumb/v7e-m/nofp\libg.a(lib_a-lock.o)
                0x240004f0                __lock___atexit_recursive_mutex
 *(COMMON)
                0x240004f4                . = ALIGN (0x4)
 *fill*         0x240004f1        0x3 
                0x240004f4                _ebss = .
                0x240004f4                __bss_end__ = _ebss

._user_heap_stack
                0x240004f4      0x604 load address 0x08004204
                0x240004f8                . = ALIGN (0x8)
 *fill*         0x240004f4        0x4 
                [!provide]                PROVIDE (end = .)
                0x240004f8                PROVIDE (_end = .)
                0x240006f8                . = (. + _Min_Heap_Size)
 *fill*         0x240004f8      0x200 
                0x24000af8                . = (. + _Min_Stack_Size)
 *fill*         0x240006f8      0x400 
                0x24000af8                . = ALIGN (0x8)

/DISCARD/
 libc.a(*)
 libm.a(*)
 libgcc.a(*)

.ARM.attributes
                0x00000000       0x2a
 *(.ARM.attributes)
 .ARM.attributes
                0x00000000       0x1e d:/environment/gcc-arm-none-eabi/bin/../lib/gcc/arm-none-eabi/10.3.1/thumb/v7e-m/nofp/crti.o
 .ARM.attributes
                0x0000001e       0x2e d:/environment/gcc-arm-none-eabi/bin/../lib/gcc/arm-none-eabi/10.3.1/thumb/v7e-m/nofp/crtbegin.o
 .ARM.attributes
                0x0000004c       0x2e CMakeFiles/1.elf.dir/Core/Src/gpio.c.obj
 .ARM.attributes
                0x0000007a       0x2e CMakeFiles/1.elf.dir/Core/Src/main.c.obj
 .ARM.attributes
                0x000000a8       0x2e CMakeFiles/1.elf.dir/Core/Src/stm32h7xx_hal_msp.c.obj
 .ARM.attributes
                0x000000d6       0x2e CMakeFiles/1.elf.dir/Core/Src/stm32h7xx_it.c.obj
 .ARM.attributes
                0x00000104       0x2e CMakeFiles/1.elf.dir/Core/Src/system_stm32h7xx.c.obj
 .ARM.attributes
                0x00000132       0x2e CMakeFiles/1.elf.dir/Core/Src/usart.c.obj
 .ARM.attributes
                0x00000160       0x21 CMakeFiles/1.elf.dir/Core/Startup/startup_stm32h750vbtx.s.obj
 .ARM.attributes
                0x00000181       0x2e CMakeFiles/1.elf.dir/Drivers/STM32H7xx_HAL_Driver/Src/stm32h7xx_hal.c.obj
 .ARM.attributes
                0x000001af       0x2e CMakeFiles/1.elf.dir/Drivers/STM32H7xx_HAL_Driver/Src/stm32h7xx_hal_cortex.c.obj
 .ARM.attributes
                0x000001dd       0x2e CMakeFiles/1.elf.dir/Drivers/STM32H7xx_HAL_Driver/Src/stm32h7xx_hal_gpio.c.obj
 .ARM.attributes
                0x0000020b       0x2e CMakeFiles/1.elf.dir/Drivers/STM32H7xx_HAL_Driver/Src/stm32h7xx_hal_pwr_ex.c.obj
 .ARM.attributes
                0x00000239       0x2e CMakeFiles/1.elf.dir/Drivers/STM32H7xx_HAL_Driver/Src/stm32h7xx_hal_rcc.c.obj
 .ARM.attributes
                0x00000267       0x2e CMakeFiles/1.elf.dir/Drivers/STM32H7xx_HAL_Driver/Src/stm32h7xx_hal_rcc_ex.c.obj
 .ARM.attributes
                0x00000295       0x2e CMakeFiles/1.elf.dir/Drivers/STM32H7xx_HAL_Driver/Src/stm32h7xx_hal_uart.c.obj
 .ARM.attributes
                0x000002c3       0x2e CMakeFiles/1.elf.dir/Drivers/STM32H7xx_HAL_Driver/Src/stm32h7xx_hal_uart_ex.c.obj
 .ARM.attributes
                0x000002f1       0x1e d:/environment/gcc-arm-none-eabi/bin/../lib/gcc/arm-none-eabi/10.3.1/thumb/v7e-m/nofp\libgcc.a(_arm_addsubsf3.o)
 .ARM.attributes
                0x0000030f       0x1e d:/environment/gcc-arm-none-eabi/bin/../lib/gcc/arm-none-eabi/10.3.1/thumb/v7e-m/nofp\libgcc.a(_arm_muldivsf3.o)
 .ARM.attributes
                0x0000032d       0x1e d:/environment/gcc-arm-none-eabi/bin/../lib/gcc/arm-none-eabi/10.3.1/thumb/v7e-m/nofp\libgcc.a(_arm_fixunssfsi.o)
 .ARM.attributes
                0x0000034b       0x1e d:/environment/gcc-arm-none-eabi/bin/../lib/gcc/arm-none-eabi/10.3.1/thumb/v7e-m/nofp\libgcc.a(_aeabi_uldivmod.o)
 .ARM.attributes
                0x00000369       0x2e d:/environment/gcc-arm-none-eabi/bin/../lib/gcc/arm-none-eabi/10.3.1/thumb/v7e-m/nofp\libgcc.a(_udivmoddi4.o)
 .ARM.attributes
                0x00000397       0x1e d:/environment/gcc-arm-none-eabi/bin/../lib/gcc/arm-none-eabi/10.3.1/thumb/v7e-m/nofp\libgcc.a(_dvmd_tls.o)
 .ARM.attributes
                0x000003b5       0x2e d:/environment/gcc-arm-none-eabi/bin/../lib/gcc/arm-none-eabi/10.3.1/../../../../arm-none-eabi/lib/thumb/v7e-m/nofp\libg.a(lib_a-impure.o)
 .ARM.attributes
                0x000003e3       0x2e d:/environment/gcc-arm-none-eabi/bin/../lib/gcc/arm-none-eabi/10.3.1/../../../../arm-none-eabi/lib/thumb/v7e-m/nofp\libg.a(lib_a-init.o)
 .ARM.attributes
                0x00000411       0x2e d:/environment/gcc-arm-none-eabi/bin/../lib/gcc/arm-none-eabi/10.3.1/../../../../arm-none-eabi/lib/thumb/v7e-m/nofp\libg.a(lib_a-memset.o)
 .ARM.attributes
                0x0000043f       0x2e d:/environment/gcc-arm-none-eabi/bin/../lib/gcc/arm-none-eabi/10.3.1/../../../../arm-none-eabi/lib/thumb/v7e-m/nofp\libg.a(lib_a-__call_atexit.o)
 .ARM.attributes
                0x0000046d       0x2e d:/environment/gcc-arm-none-eabi/bin/../lib/gcc/arm-none-eabi/10.3.1/../../../../arm-none-eabi/lib/thumb/v7e-m/nofp\libg.a(lib_a-atexit.o)
 .ARM.attributes
                0x0000049b       0x2e d:/environment/gcc-arm-none-eabi/bin/../lib/gcc/arm-none-eabi/10.3.1/../../../../arm-none-eabi/lib/thumb/v7e-m/nofp\libg.a(lib_a-fini.o)
 .ARM.attributes
                0x000004c9       0x2e d:/environment/gcc-arm-none-eabi/bin/../lib/gcc/arm-none-eabi/10.3.1/../../../../arm-none-eabi/lib/thumb/v7e-m/nofp\libg.a(lib_a-lock.o)
 .ARM.attributes
                0x000004f7       0x2e d:/environment/gcc-arm-none-eabi/bin/../lib/gcc/arm-none-eabi/10.3.1/../../../../arm-none-eabi/lib/thumb/v7e-m/nofp\libg.a(lib_a-__atexit.o)
 .ARM.attributes
                0x00000525       0x1e d:/environment/gcc-arm-none-eabi/bin/../lib/gcc/arm-none-eabi/10.3.1/thumb/v7e-m/nofp/crtn.o
OUTPUT(1.elf elf32-littlearm)
LOAD linker stubs
LOAD d:/environment/gcc-arm-none-eabi/bin/../lib/gcc/arm-none-eabi/10.3.1/../../../../arm-none-eabi/lib/thumb/v7e-m/nofp\libc.a
LOAD d:/environment/gcc-arm-none-eabi/bin/../lib/gcc/arm-none-eabi/10.3.1/../../../../arm-none-eabi/lib/thumb/v7e-m/nofp\libm.a
LOAD d:/environment/gcc-arm-none-eabi/bin/../lib/gcc/arm-none-eabi/10.3.1/thumb/v7e-m/nofp\libgcc.a

.debug_info     0x00000000    0x12ceb
 .debug_info    0x00000000      0x9bc CMakeFiles/1.elf.dir/Core/Src/gpio.c.obj
 .debug_info    0x000009bc      0x869 CMakeFiles/1.elf.dir/Core/Src/main.c.obj
 .debug_info    0x00001225      0x4a0 CMakeFiles/1.elf.dir/Core/Src/stm32h7xx_hal_msp.c.obj
 .debug_info    0x000016c5      0x145 CMakeFiles/1.elf.dir/Core/Src/stm32h7xx_it.c.obj
 .debug_info    0x0000180a      0xaf5 CMakeFiles/1.elf.dir/Core/Src/system_stm32h7xx.c.obj
 .debug_info    0x000022ff     0x11b5 CMakeFiles/1.elf.dir/Core/Src/usart.c.obj
 .debug_info    0x000034b4       0x22 CMakeFiles/1.elf.dir/Core/Startup/startup_stm32h750vbtx.s.obj
 .debug_info    0x000034d6     0x16a6 CMakeFiles/1.elf.dir/Drivers/STM32H7xx_HAL_Driver/Src/stm32h7xx_hal.c.obj
 .debug_info    0x00004b7c     0x143e CMakeFiles/1.elf.dir/Drivers/STM32H7xx_HAL_Driver/Src/stm32h7xx_hal_cortex.c.obj
 .debug_info    0x00005fba      0xd66 CMakeFiles/1.elf.dir/Drivers/STM32H7xx_HAL_Driver/Src/stm32h7xx_hal_gpio.c.obj
 .debug_info    0x00006d20     0x122e CMakeFiles/1.elf.dir/Drivers/STM32H7xx_HAL_Driver/Src/stm32h7xx_hal_pwr_ex.c.obj
 .debug_info    0x00007f4e     0x13c5 CMakeFiles/1.elf.dir/Drivers/STM32H7xx_HAL_Driver/Src/stm32h7xx_hal_rcc.c.obj
 .debug_info    0x00009313     0x2034 CMakeFiles/1.elf.dir/Drivers/STM32H7xx_HAL_Driver/Src/stm32h7xx_hal_rcc_ex.c.obj
 .debug_info    0x0000b347     0x674e CMakeFiles/1.elf.dir/Drivers/STM32H7xx_HAL_Driver/Src/stm32h7xx_hal_uart.c.obj
 .debug_info    0x00011a95     0x1256 CMakeFiles/1.elf.dir/Drivers/STM32H7xx_HAL_Driver/Src/stm32h7xx_hal_uart_ex.c.obj

.debug_abbrev   0x00000000     0x1ebc
 .debug_abbrev  0x00000000      0x1d7 CMakeFiles/1.elf.dir/Core/Src/gpio.c.obj
 .debug_abbrev  0x000001d7      0x224 CMakeFiles/1.elf.dir/Core/Src/main.c.obj
 .debug_abbrev  0x000003fb       0xd7 CMakeFiles/1.elf.dir/Core/Src/stm32h7xx_hal_msp.c.obj
 .debug_abbrev  0x000004d2       0x7e CMakeFiles/1.elf.dir/Core/Src/stm32h7xx_it.c.obj
 .debug_abbrev  0x00000550      0x162 CMakeFiles/1.elf.dir/Core/Src/system_stm32h7xx.c.obj
 .debug_abbrev  0x000006b2      0x20b CMakeFiles/1.elf.dir/Core/Src/usart.c.obj
 .debug_abbrev  0x000008bd       0x12 CMakeFiles/1.elf.dir/Core/Startup/startup_stm32h750vbtx.s.obj
 .debug_abbrev  0x000008cf      0x264 CMakeFiles/1.elf.dir/Drivers/STM32H7xx_HAL_Driver/Src/stm32h7xx_hal.c.obj
 .debug_abbrev  0x00000b33      0x37d CMakeFiles/1.elf.dir/Drivers/STM32H7xx_HAL_Driver/Src/stm32h7xx_hal_cortex.c.obj
 .debug_abbrev  0x00000eb0      0x239 CMakeFiles/1.elf.dir/Drivers/STM32H7xx_HAL_Driver/Src/stm32h7xx_hal_gpio.c.obj
 .debug_abbrev  0x000010e9      0x29b CMakeFiles/1.elf.dir/Drivers/STM32H7xx_HAL_Driver/Src/stm32h7xx_hal_pwr_ex.c.obj
 .debug_abbrev  0x00001384      0x28c CMakeFiles/1.elf.dir/Drivers/STM32H7xx_HAL_Driver/Src/stm32h7xx_hal_rcc.c.obj
 .debug_abbrev  0x00001610      0x285 CMakeFiles/1.elf.dir/Drivers/STM32H7xx_HAL_Driver/Src/stm32h7xx_hal_rcc_ex.c.obj
 .debug_abbrev  0x00001895      0x337 CMakeFiles/1.elf.dir/Drivers/STM32H7xx_HAL_Driver/Src/stm32h7xx_hal_uart.c.obj
 .debug_abbrev  0x00001bcc      0x2f0 CMakeFiles/1.elf.dir/Drivers/STM32H7xx_HAL_Driver/Src/stm32h7xx_hal_uart_ex.c.obj

.debug_loc      0x00000000     0xa975
 .debug_loc     0x00000000       0xc7 CMakeFiles/1.elf.dir/Core/Src/gpio.c.obj
 .debug_loc     0x000000c7      0x21e CMakeFiles/1.elf.dir/Core/Src/system_stm32h7xx.c.obj
 .debug_loc     0x000002e5       0x64 CMakeFiles/1.elf.dir/Core/Src/usart.c.obj
 .debug_loc     0x00000349      0x3fa CMakeFiles/1.elf.dir/Drivers/STM32H7xx_HAL_Driver/Src/stm32h7xx_hal.c.obj
 .debug_loc     0x00000743      0x726 CMakeFiles/1.elf.dir/Drivers/STM32H7xx_HAL_Driver/Src/stm32h7xx_hal_cortex.c.obj
 .debug_loc     0x00000e69      0x3c6 CMakeFiles/1.elf.dir/Drivers/STM32H7xx_HAL_Driver/Src/stm32h7xx_hal_gpio.c.obj
 .debug_loc     0x0000122f      0x4df CMakeFiles/1.elf.dir/Drivers/STM32H7xx_HAL_Driver/Src/stm32h7xx_hal_pwr_ex.c.obj
 .debug_loc     0x0000170e      0x996 CMakeFiles/1.elf.dir/Drivers/STM32H7xx_HAL_Driver/Src/stm32h7xx_hal_rcc.c.obj
 .debug_loc     0x000020a4     0x1fbe CMakeFiles/1.elf.dir/Drivers/STM32H7xx_HAL_Driver/Src/stm32h7xx_hal_rcc_ex.c.obj
 .debug_loc     0x00004062     0x5d4e CMakeFiles/1.elf.dir/Drivers/STM32H7xx_HAL_Driver/Src/stm32h7xx_hal_uart.c.obj
 .debug_loc     0x00009db0      0xbc5 CMakeFiles/1.elf.dir/Drivers/STM32H7xx_HAL_Driver/Src/stm32h7xx_hal_uart_ex.c.obj

.debug_aranges  0x00000000      0x9e0
 .debug_aranges
                0x00000000       0x38 CMakeFiles/1.elf.dir/Core/Src/gpio.c.obj
 .debug_aranges
                0x00000038       0x30 CMakeFiles/1.elf.dir/Core/Src/main.c.obj
 .debug_aranges
                0x00000068       0x20 CMakeFiles/1.elf.dir/Core/Src/stm32h7xx_hal_msp.c.obj
 .debug_aranges
                0x00000088       0x60 CMakeFiles/1.elf.dir/Core/Src/stm32h7xx_it.c.obj
 .debug_aranges
                0x000000e8       0x28 CMakeFiles/1.elf.dir/Core/Src/system_stm32h7xx.c.obj
 .debug_aranges
                0x00000110       0x30 CMakeFiles/1.elf.dir/Core/Src/usart.c.obj
 .debug_aranges
                0x00000140       0x28 CMakeFiles/1.elf.dir/Core/Startup/startup_stm32h750vbtx.s.obj
 .debug_aranges
                0x00000168      0x198 CMakeFiles/1.elf.dir/Drivers/STM32H7xx_HAL_Driver/Src/stm32h7xx_hal.c.obj
 .debug_aranges
                0x00000300       0xc0 CMakeFiles/1.elf.dir/Drivers/STM32H7xx_HAL_Driver/Src/stm32h7xx_hal_cortex.c.obj
 .debug_aranges
                0x000003c0       0x58 CMakeFiles/1.elf.dir/Drivers/STM32H7xx_HAL_Driver/Src/stm32h7xx_hal_gpio.c.obj
 .debug_aranges
                0x00000418      0x158 CMakeFiles/1.elf.dir/Drivers/STM32H7xx_HAL_Driver/Src/stm32h7xx_hal_pwr_ex.c.obj
 .debug_aranges
                0x00000570       0x88 CMakeFiles/1.elf.dir/Drivers/STM32H7xx_HAL_Driver/Src/stm32h7xx_hal_rcc.c.obj
 .debug_aranges
                0x000005f8       0xf8 CMakeFiles/1.elf.dir/Drivers/STM32H7xx_HAL_Driver/Src/stm32h7xx_hal_rcc_ex.c.obj
 .debug_aranges
                0x000006f0      0x248 CMakeFiles/1.elf.dir/Drivers/STM32H7xx_HAL_Driver/Src/stm32h7xx_hal_uart.c.obj
 .debug_aranges
                0x00000938       0xa8 CMakeFiles/1.elf.dir/Drivers/STM32H7xx_HAL_Driver/Src/stm32h7xx_hal_uart_ex.c.obj

.debug_ranges   0x00000000      0xa40
 .debug_ranges  0x00000000       0x28 CMakeFiles/1.elf.dir/Core/Src/gpio.c.obj
 .debug_ranges  0x00000028       0x20 CMakeFiles/1.elf.dir/Core/Src/main.c.obj
 .debug_ranges  0x00000048       0x10 CMakeFiles/1.elf.dir/Core/Src/stm32h7xx_hal_msp.c.obj
 .debug_ranges  0x00000058       0x50 CMakeFiles/1.elf.dir/Core/Src/stm32h7xx_it.c.obj
 .debug_ranges  0x000000a8       0x18 CMakeFiles/1.elf.dir/Core/Src/system_stm32h7xx.c.obj
 .debug_ranges  0x000000c0       0x20 CMakeFiles/1.elf.dir/Core/Src/usart.c.obj
 .debug_ranges  0x000000e0       0x20 CMakeFiles/1.elf.dir/Core/Startup/startup_stm32h750vbtx.s.obj
 .debug_ranges  0x00000100      0x188 CMakeFiles/1.elf.dir/Drivers/STM32H7xx_HAL_Driver/Src/stm32h7xx_hal.c.obj
 .debug_ranges  0x00000288      0x110 CMakeFiles/1.elf.dir/Drivers/STM32H7xx_HAL_Driver/Src/stm32h7xx_hal_cortex.c.obj
 .debug_ranges  0x00000398       0x48 CMakeFiles/1.elf.dir/Drivers/STM32H7xx_HAL_Driver/Src/stm32h7xx_hal_gpio.c.obj
 .debug_ranges  0x000003e0      0x1a8 CMakeFiles/1.elf.dir/Drivers/STM32H7xx_HAL_Driver/Src/stm32h7xx_hal_pwr_ex.c.obj
 .debug_ranges  0x00000588       0xe8 CMakeFiles/1.elf.dir/Drivers/STM32H7xx_HAL_Driver/Src/stm32h7xx_hal_rcc.c.obj
 .debug_ranges  0x00000670       0xe8 CMakeFiles/1.elf.dir/Drivers/STM32H7xx_HAL_Driver/Src/stm32h7xx_hal_rcc_ex.c.obj
 .debug_ranges  0x00000758      0x238 CMakeFiles/1.elf.dir/Drivers/STM32H7xx_HAL_Driver/Src/stm32h7xx_hal_uart.c.obj
 .debug_ranges  0x00000990       0xb0 CMakeFiles/1.elf.dir/Drivers/STM32H7xx_HAL_Driver/Src/stm32h7xx_hal_uart_ex.c.obj

.debug_line     0x00000000     0xdc74
 .debug_line    0x00000000      0x3b1 CMakeFiles/1.elf.dir/Core/Src/gpio.c.obj
 .debug_line    0x000003b1      0x41c CMakeFiles/1.elf.dir/Core/Src/main.c.obj
 .debug_line    0x000007cd      0x16f CMakeFiles/1.elf.dir/Core/Src/stm32h7xx_hal_msp.c.obj
 .debug_line    0x0000093c      0x1b5 CMakeFiles/1.elf.dir/Core/Src/stm32h7xx_it.c.obj
 .debug_line    0x00000af1      0x408 CMakeFiles/1.elf.dir/Core/Src/system_stm32h7xx.c.obj
 .debug_line    0x00000ef9      0x3c6 CMakeFiles/1.elf.dir/Core/Src/usart.c.obj
 .debug_line    0x000012bf       0xa4 CMakeFiles/1.elf.dir/Core/Startup/startup_stm32h750vbtx.s.obj
 .debug_line    0x00001363      0x914 CMakeFiles/1.elf.dir/Drivers/STM32H7xx_HAL_Driver/Src/stm32h7xx_hal.c.obj
 .debug_line    0x00001c77      0x809 CMakeFiles/1.elf.dir/Drivers/STM32H7xx_HAL_Driver/Src/stm32h7xx_hal_cortex.c.obj
 .debug_line    0x00002480      0x6ec CMakeFiles/1.elf.dir/Drivers/STM32H7xx_HAL_Driver/Src/stm32h7xx_hal_gpio.c.obj
 .debug_line    0x00002b6c      0xae9 CMakeFiles/1.elf.dir/Drivers/STM32H7xx_HAL_Driver/Src/stm32h7xx_hal_pwr_ex.c.obj
 .debug_line    0x00003655     0x12c6 CMakeFiles/1.elf.dir/Drivers/STM32H7xx_HAL_Driver/Src/stm32h7xx_hal_rcc.c.obj
 .debug_line    0x0000491b     0x1f80 CMakeFiles/1.elf.dir/Drivers/STM32H7xx_HAL_Driver/Src/stm32h7xx_hal_rcc_ex.c.obj
 .debug_line    0x0000689b     0x6719 CMakeFiles/1.elf.dir/Drivers/STM32H7xx_HAL_Driver/Src/stm32h7xx_hal_uart.c.obj
 .debug_line    0x0000cfb4      0xcc0 CMakeFiles/1.elf.dir/Drivers/STM32H7xx_HAL_Driver/Src/stm32h7xx_hal_uart_ex.c.obj

.debug_str      0x00000000     0x4422
 .debug_str     0x00000000      0x4c2 CMakeFiles/1.elf.dir/Core/Src/gpio.c.obj
                                0x523 (size before relaxing)
 .debug_str     0x000004c2      0x309 CMakeFiles/1.elf.dir/Core/Src/main.c.obj
                                0x599 (size before relaxing)
 .debug_str     0x000007cb       0x48 CMakeFiles/1.elf.dir/Core/Src/stm32h7xx_hal_msp.c.obj
                                0x41e (size before relaxing)
 .debug_str     0x00000813       0xd3 CMakeFiles/1.elf.dir/Core/Src/stm32h7xx_it.c.obj
                                0x26b (size before relaxing)
 .debug_str     0x000008e6      0x2a9 CMakeFiles/1.elf.dir/Core/Src/system_stm32h7xx.c.obj
                                0x694 (size before relaxing)
 .debug_str     0x00000b8f      0x953 CMakeFiles/1.elf.dir/Core/Src/usart.c.obj
                                0xe94 (size before relaxing)
 .debug_str     0x000014e2       0x52 CMakeFiles/1.elf.dir/Core/Startup/startup_stm32h750vbtx.s.obj
                                 0x83 (size before relaxing)
 .debug_str     0x00001534      0xf69 CMakeFiles/1.elf.dir/Drivers/STM32H7xx_HAL_Driver/Src/stm32h7xx_hal.c.obj
                               0x14eb (size before relaxing)
 .debug_str     0x0000249d      0x5b4 CMakeFiles/1.elf.dir/Drivers/STM32H7xx_HAL_Driver/Src/stm32h7xx_hal_cortex.c.obj
                               0x10bb (size before relaxing)
 .debug_str     0x00002a51      0x104 CMakeFiles/1.elf.dir/Drivers/STM32H7xx_HAL_Driver/Src/stm32h7xx_hal_gpio.c.obj
                                0x700 (size before relaxing)
 .debug_str     0x00002b55      0x570 CMakeFiles/1.elf.dir/Drivers/STM32H7xx_HAL_Driver/Src/stm32h7xx_hal_pwr_ex.c.obj
                                0xa75 (size before relaxing)
 .debug_str     0x000030c5      0x1ae CMakeFiles/1.elf.dir/Drivers/STM32H7xx_HAL_Driver/Src/stm32h7xx_hal_rcc.c.obj
                                0xa88 (size before relaxing)
 .debug_str     0x00003273      0x5e1 CMakeFiles/1.elf.dir/Drivers/STM32H7xx_HAL_Driver/Src/stm32h7xx_hal_rcc_ex.c.obj
                                0xf93 (size before relaxing)
 .debug_str     0x00003854      0x969 CMakeFiles/1.elf.dir/Drivers/STM32H7xx_HAL_Driver/Src/stm32h7xx_hal_uart.c.obj
                               0x14df (size before relaxing)
 .debug_str     0x000041bd      0x265 CMakeFiles/1.elf.dir/Drivers/STM32H7xx_HAL_Driver/Src/stm32h7xx_hal_uart_ex.c.obj
                                0xbc8 (size before relaxing)

.comment        0x00000000       0x49
 .comment       0x00000000       0x49 CMakeFiles/1.elf.dir/Core/Src/gpio.c.obj
                                 0x4a (size before relaxing)
 .comment       0x00000049       0x4a CMakeFiles/1.elf.dir/Core/Src/main.c.obj
 .comment       0x00000049       0x4a CMakeFiles/1.elf.dir/Core/Src/stm32h7xx_hal_msp.c.obj
 .comment       0x00000049       0x4a CMakeFiles/1.elf.dir/Core/Src/stm32h7xx_it.c.obj
 .comment       0x00000049       0x4a CMakeFiles/1.elf.dir/Core/Src/system_stm32h7xx.c.obj
 .comment       0x00000049       0x4a CMakeFiles/1.elf.dir/Core/Src/usart.c.obj
 .comment       0x00000049       0x4a CMakeFiles/1.elf.dir/Drivers/STM32H7xx_HAL_Driver/Src/stm32h7xx_hal.c.obj
 .comment       0x00000049       0x4a CMakeFiles/1.elf.dir/Drivers/STM32H7xx_HAL_Driver/Src/stm32h7xx_hal_cortex.c.obj
 .comment       0x00000049       0x4a CMakeFiles/1.elf.dir/Drivers/STM32H7xx_HAL_Driver/Src/stm32h7xx_hal_gpio.c.obj
 .comment       0x00000049       0x4a CMakeFiles/1.elf.dir/Drivers/STM32H7xx_HAL_Driver/Src/stm32h7xx_hal_pwr_ex.c.obj
 .comment       0x00000049       0x4a CMakeFiles/1.elf.dir/Drivers/STM32H7xx_HAL_Driver/Src/stm32h7xx_hal_rcc.c.obj
 .comment       0x00000049       0x4a CMakeFiles/1.elf.dir/Drivers/STM32H7xx_HAL_Driver/Src/stm32h7xx_hal_rcc_ex.c.obj
 .comment       0x00000049       0x4a CMakeFiles/1.elf.dir/Drivers/STM32H7xx_HAL_Driver/Src/stm32h7xx_hal_uart.c.obj
 .comment       0x00000049       0x4a CMakeFiles/1.elf.dir/Drivers/STM32H7xx_HAL_Driver/Src/stm32h7xx_hal_uart_ex.c.obj

.debug_frame    0x00000000     0x1a3c
 .debug_frame   0x00000000       0x8c CMakeFiles/1.elf.dir/Core/Src/gpio.c.obj
 .debug_frame   0x0000008c       0x58 CMakeFiles/1.elf.dir/Core/Src/main.c.obj
 .debug_frame   0x000000e4       0x28 CMakeFiles/1.elf.dir/Core/Src/stm32h7xx_hal_msp.c.obj
 .debug_frame   0x0000010c       0xa8 CMakeFiles/1.elf.dir/Core/Src/stm32h7xx_it.c.obj
 .debug_frame   0x000001b4       0x40 CMakeFiles/1.elf.dir/Core/Src/system_stm32h7xx.c.obj
 .debug_frame   0x000001f4       0x64 CMakeFiles/1.elf.dir/Core/Src/usart.c.obj
 .debug_frame   0x00000258      0x360 CMakeFiles/1.elf.dir/Drivers/STM32H7xx_HAL_Driver/Src/stm32h7xx_hal.c.obj
 .debug_frame   0x000005b8      0x178 CMakeFiles/1.elf.dir/Drivers/STM32H7xx_HAL_Driver/Src/stm32h7xx_hal_cortex.c.obj
 .debug_frame   0x00000730       0xd0 CMakeFiles/1.elf.dir/Drivers/STM32H7xx_HAL_Driver/Src/stm32h7xx_hal_gpio.c.obj
 .debug_frame   0x00000800      0x2f4 CMakeFiles/1.elf.dir/Drivers/STM32H7xx_HAL_Driver/Src/stm32h7xx_hal_pwr_ex.c.obj
 .debug_frame   0x00000af4      0x188 CMakeFiles/1.elf.dir/Drivers/STM32H7xx_HAL_Driver/Src/stm32h7xx_hal_rcc.c.obj
 .debug_frame   0x00000c7c      0x284 CMakeFiles/1.elf.dir/Drivers/STM32H7xx_HAL_Driver/Src/stm32h7xx_hal_rcc_ex.c.obj
 .debug_frame   0x00000f00      0x680 CMakeFiles/1.elf.dir/Drivers/STM32H7xx_HAL_Driver/Src/stm32h7xx_hal_uart.c.obj
 .debug_frame   0x00001580      0x1c8 CMakeFiles/1.elf.dir/Drivers/STM32H7xx_HAL_Driver/Src/stm32h7xx_hal_uart_ex.c.obj
 .debug_frame   0x00001748       0x4c d:/environment/gcc-arm-none-eabi/bin/../lib/gcc/arm-none-eabi/10.3.1/thumb/v7e-m/nofp\libgcc.a(_arm_addsubsf3.o)
 .debug_frame   0x00001794       0x38 d:/environment/gcc-arm-none-eabi/bin/../lib/gcc/arm-none-eabi/10.3.1/thumb/v7e-m/nofp\libgcc.a(_arm_muldivsf3.o)
 .debug_frame   0x000017cc       0x24 d:/environment/gcc-arm-none-eabi/bin/../lib/gcc/arm-none-eabi/10.3.1/thumb/v7e-m/nofp\libgcc.a(_arm_fixunssfsi.o)
 .debug_frame   0x000017f0       0x2c d:/environment/gcc-arm-none-eabi/bin/../lib/gcc/arm-none-eabi/10.3.1/thumb/v7e-m/nofp\libgcc.a(_aeabi_uldivmod.o)
 .debug_frame   0x0000181c       0x34 d:/environment/gcc-arm-none-eabi/bin/../lib/gcc/arm-none-eabi/10.3.1/thumb/v7e-m/nofp\libgcc.a(_udivmoddi4.o)
 .debug_frame   0x00001850       0x2c d:/environment/gcc-arm-none-eabi/bin/../lib/gcc/arm-none-eabi/10.3.1/../../../../arm-none-eabi/lib/thumb/v7e-m/nofp\libg.a(lib_a-init.o)
 .debug_frame   0x0000187c       0x2c d:/environment/gcc-arm-none-eabi/bin/../lib/gcc/arm-none-eabi/10.3.1/../../../../arm-none-eabi/lib/thumb/v7e-m/nofp\libg.a(lib_a-memset.o)
 .debug_frame   0x000018a8       0x5c d:/environment/gcc-arm-none-eabi/bin/../lib/gcc/arm-none-eabi/10.3.1/../../../../arm-none-eabi/lib/thumb/v7e-m/nofp\libg.a(lib_a-__call_atexit.o)
 .debug_frame   0x00001904       0x20 d:/environment/gcc-arm-none-eabi/bin/../lib/gcc/arm-none-eabi/10.3.1/../../../../arm-none-eabi/lib/thumb/v7e-m/nofp\libg.a(lib_a-atexit.o)
 .debug_frame   0x00001924       0x34 d:/environment/gcc-arm-none-eabi/bin/../lib/gcc/arm-none-eabi/10.3.1/../../../../arm-none-eabi/lib/thumb/v7e-m/nofp\libg.a(lib_a-fini.o)
 .debug_frame   0x00001958       0xb0 d:/environment/gcc-arm-none-eabi/bin/../lib/gcc/arm-none-eabi/10.3.1/../../../../arm-none-eabi/lib/thumb/v7e-m/nofp\libg.a(lib_a-lock.o)
 .debug_frame   0x00001a08       0x34 d:/environment/gcc-arm-none-eabi/bin/../lib/gcc/arm-none-eabi/10.3.1/../../../../arm-none-eabi/lib/thumb/v7e-m/nofp\libg.a(lib_a-__atexit.o)
