Archive member included to satisfy reference by file (symbol)

d:/environment/gcc-arm-none-eabi/bin/../lib/gcc/arm-none-eabi/10.3.1/thumb/v7e-m/nofp\libgcc.a(_arm_mulsf3.o)
                              CMakeFiles/1.elf.dir/Core/Src/system_stm32h7xx.c.obj (__aeabi_fmul)
d:/environment/gcc-arm-none-eabi/bin/../lib/gcc/arm-none-eabi/10.3.1/thumb/v7e-m/nofp\libgcc.a(_arm_addsubsf3.o)
                              CMakeFiles/1.elf.dir/Core/Src/system_stm32h7xx.c.obj (__aeabi_fadd)
d:/environment/gcc-arm-none-eabi/bin/../lib/gcc/arm-none-eabi/10.3.1/thumb/v7e-m/nofp\libgcc.a(_arm_muldivsf3.o)
                              CMakeFiles/1.elf.dir/Core/Src/system_stm32h7xx.c.obj (__aeabi_fdiv)
d:/environment/gcc-arm-none-eabi/bin/../lib/gcc/arm-none-eabi/10.3.1/thumb/v7e-m/nofp\libgcc.a(_arm_fixunssfsi.o)
                              CMakeFiles/1.elf.dir/Core/Src/system_stm32h7xx.c.obj (__aeabi_f2uiz)
d:/environment/gcc-arm-none-eabi/bin/../lib/gcc/arm-none-eabi/10.3.1/thumb/v7e-m/nofp\libgcc.a(_aeabi_uldivmod.o)
                              CMakeFiles/1.elf.dir/Drivers/STM32H7xx_HAL_Driver/Src/stm32h7xx_hal_uart.c.obj (__aeabi_uldivmod)
d:/environment/gcc-arm-none-eabi/bin/../lib/gcc/arm-none-eabi/10.3.1/thumb/v7e-m/nofp\libgcc.a(_udivmoddi4.o)
                              d:/environment/gcc-arm-none-eabi/bin/../lib/gcc/arm-none-eabi/10.3.1/thumb/v7e-m/nofp\libgcc.a(_aeabi_uldivmod.o) (__udivmoddi4)
d:/environment/gcc-arm-none-eabi/bin/../lib/gcc/arm-none-eabi/10.3.1/thumb/v7e-m/nofp\libgcc.a(_dvmd_tls.o)
                              d:/environment/gcc-arm-none-eabi/bin/../lib/gcc/arm-none-eabi/10.3.1/thumb/v7e-m/nofp\libgcc.a(_aeabi_uldivmod.o) (__aeabi_ldiv0)
d:/environment/gcc-arm-none-eabi/bin/../lib/gcc/arm-none-eabi/10.3.1/../../../../arm-none-eabi/lib/thumb/v7e-m/nofp\libg.a(lib_a-errno.o)
                              CMakeFiles/1.elf.dir/Core/Src/syscalls.c.obj (__errno)
d:/environment/gcc-arm-none-eabi/bin/../lib/gcc/arm-none-eabi/10.3.1/../../../../arm-none-eabi/lib/thumb/v7e-m/nofp\libg.a(lib_a-exit.o)
                              d:/environment/gcc-arm-none-eabi/bin/../lib/gcc/arm-none-eabi/10.3.1/../../../../arm-none-eabi/lib/thumb/v7e-m/nofp/crt0.o (exit)
d:/environment/gcc-arm-none-eabi/bin/../lib/gcc/arm-none-eabi/10.3.1/../../../../arm-none-eabi/lib/thumb/v7e-m/nofp\libg.a(lib_a-impure.o)
                              d:/environment/gcc-arm-none-eabi/bin/../lib/gcc/arm-none-eabi/10.3.1/../../../../arm-none-eabi/lib/thumb/v7e-m/nofp\libg.a(lib_a-exit.o) (_global_impure_ptr)
d:/environment/gcc-arm-none-eabi/bin/../lib/gcc/arm-none-eabi/10.3.1/../../../../arm-none-eabi/lib/thumb/v7e-m/nofp\libg.a(lib_a-init.o)
                              d:/environment/gcc-arm-none-eabi/bin/../lib/gcc/arm-none-eabi/10.3.1/../../../../arm-none-eabi/lib/thumb/v7e-m/nofp/crt0.o (__libc_init_array)
d:/environment/gcc-arm-none-eabi/bin/../lib/gcc/arm-none-eabi/10.3.1/../../../../arm-none-eabi/lib/thumb/v7e-m/nofp\libg.a(lib_a-memset.o)
                              d:/environment/gcc-arm-none-eabi/bin/../lib/gcc/arm-none-eabi/10.3.1/../../../../arm-none-eabi/lib/thumb/v7e-m/nofp/crt0.o (memset)
d:/environment/gcc-arm-none-eabi/bin/../lib/gcc/arm-none-eabi/10.3.1/../../../../arm-none-eabi/lib/thumb/v7e-m/nofp\libg.a(lib_a-__call_atexit.o)
                              d:/environment/gcc-arm-none-eabi/bin/../lib/gcc/arm-none-eabi/10.3.1/../../../../arm-none-eabi/lib/thumb/v7e-m/nofp\libg.a(lib_a-exit.o) (__call_exitprocs)
d:/environment/gcc-arm-none-eabi/bin/../lib/gcc/arm-none-eabi/10.3.1/../../../../arm-none-eabi/lib/thumb/v7e-m/nofp\libg.a(lib_a-atexit.o)
                              d:/environment/gcc-arm-none-eabi/bin/../lib/gcc/arm-none-eabi/10.3.1/../../../../arm-none-eabi/lib/thumb/v7e-m/nofp\libg.a(lib_a-__call_atexit.o) (atexit)
d:/environment/gcc-arm-none-eabi/bin/../lib/gcc/arm-none-eabi/10.3.1/../../../../arm-none-eabi/lib/thumb/v7e-m/nofp\libg.a(lib_a-fini.o)
                              d:/environment/gcc-arm-none-eabi/bin/../lib/gcc/arm-none-eabi/10.3.1/../../../../arm-none-eabi/lib/thumb/v7e-m/nofp\libg.a(lib_a-__call_atexit.o) (__libc_fini_array)
d:/environment/gcc-arm-none-eabi/bin/../lib/gcc/arm-none-eabi/10.3.1/../../../../arm-none-eabi/lib/thumb/v7e-m/nofp\libg.a(lib_a-lock.o)
                              d:/environment/gcc-arm-none-eabi/bin/../lib/gcc/arm-none-eabi/10.3.1/../../../../arm-none-eabi/lib/thumb/v7e-m/nofp\libg.a(lib_a-__call_atexit.o) (__retarget_lock_acquire_recursive)
d:/environment/gcc-arm-none-eabi/bin/../lib/gcc/arm-none-eabi/10.3.1/../../../../arm-none-eabi/lib/thumb/v7e-m/nofp\libg.a(lib_a-__atexit.o)
                              d:/environment/gcc-arm-none-eabi/bin/../lib/gcc/arm-none-eabi/10.3.1/../../../../arm-none-eabi/lib/thumb/v7e-m/nofp\libg.a(lib_a-atexit.o) (__register_exitproc)

Discarded input sections

 .text          0x00000000        0x0 d:/environment/gcc-arm-none-eabi/bin/../lib/gcc/arm-none-eabi/10.3.1/thumb/v7e-m/nofp/crti.o
[...]
Memory Configuration

Name             Origin             Length             Attributes
FLASH            0x08000000         0x00020000         xr
DTCMRAM          0x20000000         0x00020000         xrw
RAM_D1           0x24000000         0x00080000         xrw
RAM_D2           0x30000000         0x00048000         xrw
RAM_D3           0x38000000         0x00010000         xrw
ITCMRAM          0x00000000         0x00010000         xrw
*default*        0x00000000         0xffffffff

Linker script and memory map

LOAD d:/environment/gcc-arm-none-eabi/bin/../lib/gcc/arm-none-eabi/10.3.1/thumb/v7e-m/nofp/crti.o
LOAD d:/environment/gcc-arm-none-eabi/bin/../lib/gcc/arm-none-eabi/10.3.1/thumb/v7e-m/nofp/crtbegin.o
LOAD d:/environment/gcc-arm-none-eabi/bin/../lib/gcc/arm-none-eabi/10.3.1/../../../../arm-none-eabi/lib/thumb/v7e-m/nofp/crt0.o
LOAD CMakeFiles/1.elf.dir/Core/Src/gpio.c.obj
LOAD CMakeFiles/1.elf.dir/Core/Src/main.c.obj
LOAD CMakeFiles/1.elf.dir/Core/Src/stm32h7xx_hal_msp.c.obj
LOAD CMakeFiles/1.elf.dir/Core/Src/stm32h7xx_it.c.obj
LOAD CMakeFiles/1.elf.dir/Core/Src/syscalls.c.obj
LOAD CMakeFiles/1.elf.dir/Core/Src/sysmem.c.obj
LOAD CMakeFiles/1.elf.dir/Core/Src/system_stm32h7xx.c.obj
LOAD CMakeFiles/1.elf.dir/Core/Src/tim.c.obj
LOAD CMakeFiles/1.elf.dir/Core/Src/usart.c.obj
LOAD CMakeFiles/1.elf.dir/Core/Startup/startup_stm32h750vbtx.s.obj
LOAD CMakeFiles/1.elf.dir/Drivers/STM32H7xx_HAL_Driver/Src/stm32h7xx_hal.c.obj
LOAD CMakeFiles/1.elf.dir/Drivers/STM32H7xx_HAL_Driver/Src/stm32h7xx_hal_cortex.c.obj
LOAD CMakeFiles/1.elf.dir/Drivers/STM32H7xx_HAL_Driver/Src/stm32h7xx_hal_dma.c.obj
LOAD CMakeFiles/1.elf.dir/Drivers/STM32H7xx_HAL_Driver/Src/stm32h7xx_hal_dma_ex.c.obj
LOAD CMakeFiles/1.elf.dir/Drivers/STM32H7xx_HAL_Driver/Src/stm32h7xx_hal_exti.c.obj
LOAD CMakeFiles/1.elf.dir/Drivers/STM32H7xx_HAL_Driver/Src/stm32h7xx_hal_flash.c.obj
LOAD CMakeFiles/1.elf.dir/Drivers/STM32H7xx_HAL_Driver/Src/stm32h7xx_hal_flash_ex.c.obj
LOAD CMakeFiles/1.elf.dir/Drivers/STM32H7xx_HAL_Driver/Src/stm32h7xx_hal_gpio.c.obj
LOAD CMakeFiles/1.elf.dir/Drivers/STM32H7xx_HAL_Driver/Src/stm32h7xx_hal_hsem.c.obj
LOAD CMakeFiles/1.elf.dir/Drivers/STM32H7xx_HAL_Driver/Src/stm32h7xx_hal_i2c.c.obj
LOAD CMakeFiles/1.elf.dir/Drivers/STM32H7xx_HAL_Driver/Src/stm32h7xx_hal_i2c_ex.c.obj
LOAD CMakeFiles/1.elf.dir/Drivers/STM32H7xx_HAL_Driver/Src/stm32h7xx_hal_mdma.c.obj
LOAD CMakeFiles/1.elf.dir/Drivers/STM32H7xx_HAL_Driver/Src/stm32h7xx_hal_pwr.c.obj
LOAD CMakeFiles/1.elf.dir/Drivers/STM32H7xx_HAL_Driver/Src/stm32h7xx_hal_pwr_ex.c.obj
LOAD CMakeFiles/1.elf.dir/Drivers/STM32H7xx_HAL_Driver/Src/stm32h7xx_hal_rcc.c.obj
LOAD CMakeFiles/1.elf.dir/Drivers/STM32H7xx_HAL_Driver/Src/stm32h7xx_hal_rcc_ex.c.obj
LOAD CMakeFiles/1.elf.dir/Drivers/STM32H7xx_HAL_Driver/Src/stm32h7xx_hal_tim.c.obj
LOAD CMakeFiles/1.elf.dir/Drivers/STM32H7xx_HAL_Driver/Src/stm32h7xx_hal_tim_ex.c.obj
LOAD CMakeFiles/1.elf.dir/Drivers/STM32H7xx_HAL_Driver/Src/stm32h7xx_hal_uart.c.obj
LOAD CMakeFiles/1.elf.dir/Drivers/STM32H7xx_HAL_Driver/Src/stm32h7xx_hal_uart_ex.c.obj
START GROUP
LOAD d:/environment/gcc-arm-none-eabi/bin/../lib/gcc/arm-none-eabi/10.3.1/thumb/v7e-m/nofp\libgcc.a
LOAD d:/environment/gcc-arm-none-eabi/bin/../lib/gcc/arm-none-eabi/10.3.1/../../../../arm-none-eabi/lib/thumb/v7e-m/nofp\libg.a
LOAD d:/environment/gcc-arm-none-eabi/bin/../lib/gcc/arm-none-eabi/10.3.1/../../../../arm-none-eabi/lib/thumb/v7e-m/nofp\libc.a
END GROUP
LOAD d:/environment/gcc-arm-none-eabi/bin/../lib/gcc/arm-none-eabi/10.3.1/thumb/v7e-m/nofp/crtend.o
LOAD d:/environment/gcc-arm-none-eabi/bin/../lib/gcc/arm-none-eabi/10.3.1/thumb/v7e-m/nofp/crtn.o
                0x24080000                _estack = (ORIGIN (RAM_D1) + LENGTH (RAM_D1))
                0x00000200                _Min_Heap_Size = 0x200
                0x00000400                _Min_Stack_Size = 0x400

.isr_vector     0x08000000      0x298
                0x08000000                . = ALIGN (0x4)
 *(.isr_vector)
 .isr_vector    0x08000000      0x298 CMakeFiles/1.elf.dir/Core/Startup/startup_stm32h750vbtx.s.obj
                0x08000000                g_pfnVectors
                0x08000298                . = ALIGN (0x4)

.text           0x08000298     0x4230
                0x08000298                . = ALIGN (0x4)
 *(.text)
 .text          0x08000298       0x40 d:/environment/gcc-arm-none-eabi/bin/../lib/gcc/arm-none-eabi/10.3.1/thumb/v7e-m/nofp/crtbegin.o
 .text          0x080002d8      0x21c d:/environment/gcc-arm-none-eabi/bin/../lib/gcc/arm-none-eabi/10.3.1/thumb/v7e-m/nofp\libgcc.a(_arm_addsubsf3.o)
                0x080002d8                __aeabi_frsub
                0x080002e0                __subsf3
                0x080002e0                __aeabi_fsub
                0x080002e4                __aeabi_fadd
                0x080002e4                __addsf3
                0x08000444                __aeabi_ui2f
                0x08000444                __floatunsisf
                0x0800044c                __aeabi_i2f
                0x0800044c                __floatsisf
                0x08000468                __aeabi_ul2f
                0x08000468                __floatundisf
                0x08000478                __aeabi_l2f
                0x08000478                __floatdisf
 .text          0x080004f4      0x2a0 d:/environment/gcc-arm-none-eabi/bin/../lib/gcc/arm-none-eabi/10.3.1/thumb/v7e-m/nofp\libgcc.a(_arm_muldivsf3.o)
                0x080004f4                __mulsf3
                0x080004f4                __aeabi_fmul
                0x0800065c                __aeabi_fdiv
                0x0800065c                __divsf3
 .text          0x08000794       0x40 d:/environment/gcc-arm-none-eabi/bin/../lib/gcc/arm-none-eabi/10.3.1/thumb/v7e-m/nofp\libgcc.a(_arm_fixunssfsi.o)
                0x08000794                __fixunssfsi
                0x08000794                __aeabi_f2uiz
 .text          0x080007d4       0x30 d:/environment/gcc-arm-none-eabi/bin/../lib/gcc/arm-none-eabi/10.3.1/thumb/v7e-m/nofp\libgcc.a(_aeabi_uldivmod.o)
                0x080007d4                __aeabi_uldivmod
 .text          0x08000804      0x2d0 d:/environment/gcc-arm-none-eabi/bin/../lib/gcc/arm-none-eabi/10.3.1/thumb/v7e-m/nofp\libgcc.a(_udivmoddi4.o)
                0x08000804                __udivmoddi4
 .text          0x08000ad4        0x4 d:/environment/gcc-arm-none-eabi/bin/../lib/gcc/arm-none-eabi/10.3.1/thumb/v7e-m/nofp\libgcc.a(_dvmd_tls.o)
                0x08000ad4                __aeabi_idiv0
                0x08000ad4                __aeabi_ldiv0
 *(.text*)
 .text.MX_GPIO_Init
                0x08000ad8      0x118 CMakeFiles/1.elf.dir/Core/Src/gpio.c.obj
                0x08000ad8                MX_GPIO_Init
 .text.WriteToAD5754RViaSpi
                0x08000bf0       0x68 CMakeFiles/1.elf.dir/Core/Src/gpio.c.obj
                0x08000bf0                WriteToAD5754RViaSpi
 .text.ConfigAD5754R
                0x08000c58       0x30 CMakeFiles/1.elf.dir/Core/Src/gpio.c.obj
                0x08000c58                ConfigAD5754R
 .text.Error_Handler
                0x08000c88        0x4 CMakeFiles/1.elf.dir/Core/Src/main.c.obj
                0x08000c88                Error_Handler
 .text.SystemClock_Config
                0x08000c8c       0xc0 CMakeFiles/1.elf.dir/Core/Src/main.c.obj
                0x08000c8c                SystemClock_Config
 .text.main     0x08000d4c      0x118 CMakeFiles/1.elf.dir/Core/Src/main.c.obj
                0x08000d4c                main
 .text.HAL_MspInit
                0x08000e64       0x24 CMakeFiles/1.elf.dir/Core/Src/stm32h7xx_hal_msp.c.obj
                0x08000e64                HAL_MspInit
 .text.NMI_Handler
                0x08000e88        0x2 CMakeFiles/1.elf.dir/Core/Src/stm32h7xx_it.c.obj
                0x08000e88                NMI_Handler
 .text.HardFault_Handler
                0x08000e8a        0x2 CMakeFiles/1.elf.dir/Core/Src/stm32h7xx_it.c.obj
                0x08000e8a                HardFault_Handler
 .text.MemManage_Handler
                0x08000e8c        0x2 CMakeFiles/1.elf.dir/Core/Src/stm32h7xx_it.c.obj
                0x08000e8c                MemManage_Handler
 .text.BusFault_Handler
                0x08000e8e        0x2 CMakeFiles/1.elf.dir/Core/Src/stm32h7xx_it.c.obj
                0x08000e8e                BusFault_Handler
 .text.UsageFault_Handler
                0x08000e90        0x2 CMakeFiles/1.elf.dir/Core/Src/stm32h7xx_it.c.obj
                0x08000e90                UsageFault_Handler
 .text.SVC_Handler
                0x08000e92        0x2 CMakeFiles/1.elf.dir/Core/Src/stm32h7xx_it.c.obj
                0x08000e92                SVC_Handler
 .text.DebugMon_Handler
                0x08000e94        0x2 CMakeFiles/1.elf.dir/Core/Src/stm32h7xx_it.c.obj
                0x08000e94                DebugMon_Handler
 .text.PendSV_Handler
                0x08000e96        0x2 CMakeFiles/1.elf.dir/Core/Src/stm32h7xx_it.c.obj
                0x08000e96                PendSV_Handler
 .text.SysTick_Handler
                0x08000e98        0x8 CMakeFiles/1.elf.dir/Core/Src/stm32h7xx_it.c.obj
                0x08000e98                SysTick_Handler
 .text.TIM2_IRQHandler
                0x08000ea0       0x10 CMakeFiles/1.elf.dir/Core/Src/stm32h7xx_it.c.obj
                0x08000ea0                TIM2_IRQHandler
 .text.HAL_TIM_PeriodElapsedCallback
                0x08000eb0       0x28 CMakeFiles/1.elf.dir/Core/Src/stm32h7xx_it.c.obj
                0x08000eb0                HAL_TIM_PeriodElapsedCallback
 .text.SystemInit
                0x08000ed8       0xbc CMakeFiles/1.elf.dir/Core/Src/system_stm32h7xx.c.obj
                0x08000ed8                SystemInit
 .text.MX_TIM2_Init
                0x08000f94       0x74 CMakeFiles/1.elf.dir/Core/Src/tim.c.obj
                0x08000f94                MX_TIM2_Init
 .text.HAL_TIM_Base_MspInit
                0x08001008       0x44 CMakeFiles/1.elf.dir/Core/Src/tim.c.obj
                0x08001008                HAL_TIM_Base_MspInit
 .text.MX_UART8_Init
                0x0800104c       0x68 CMakeFiles/1.elf.dir/Core/Src/usart.c.obj
                0x0800104c                MX_UART8_Init
 .text.HAL_UART_MspInit
                0x080010b4       0x98 CMakeFiles/1.elf.dir/Core/Src/usart.c.obj
                0x080010b4                HAL_UART_MspInit
 .text.Reset_Handler
                0x0800114c       0x50 CMakeFiles/1.elf.dir/Core/Startup/startup_stm32h750vbtx.s.obj
                0x0800114c                Reset_Handler
 .text.Default_Handler
                0x0800119c        0x2 CMakeFiles/1.elf.dir/Core/Startup/startup_stm32h750vbtx.s.obj
                0x0800119c                RTC_Alarm_IRQHandler
                0x0800119c                HASH_RNG_IRQHandler
                0x0800119c                EXTI2_IRQHandler
                0x0800119c                TIM8_CC_IRQHandler
                0x0800119c                HRTIM1_Master_IRQHandler
                0x0800119c                UART8_IRQHandler
                0x0800119c                SPI4_IRQHandler
                0x0800119c                TIM1_CC_IRQHandler
                0x0800119c                BDMA_Channel6_IRQHandler
                0x0800119c                DMA2_Stream5_IRQHandler
                0x0800119c                HRTIM1_FLT_IRQHandler
                0x0800119c                JPEG_IRQHandler
                0x0800119c                DMA1_Stream5_IRQHandler
                0x0800119c                BDMA_Channel1_IRQHandler
                0x0800119c                HRTIM1_TIMD_IRQHandler
                0x0800119c                TAMP_STAMP_IRQHandler
                0x0800119c                EXTI3_IRQHandler
                0x0800119c                LPTIM4_IRQHandler
                0x0800119c                TIM8_TRG_COM_TIM14_IRQHandler
                0x0800119c                LPTIM2_IRQHandler
                0x0800119c                DFSDM1_FLT1_IRQHandler
                0x0800119c                DMAMUX2_OVR_IRQHandler
                0x0800119c                TIM8_UP_TIM13_IRQHandler
                0x0800119c                I2C3_ER_IRQHandler
                0x0800119c                DFSDM1_FLT2_IRQHandler
                0x0800119c                MDMA_IRQHandler
                0x0800119c                LPTIM3_IRQHandler
                0x0800119c                HSEM1_IRQHandler
                0x0800119c                EXTI0_IRQHandler
                0x0800119c                I2C2_EV_IRQHandler
                0x0800119c                DMA1_Stream2_IRQHandler
                0x0800119c                FPU_IRQHandler
                0x0800119c                OTG_HS_WKUP_IRQHandler
                0x0800119c                FDCAN1_IT1_IRQHandler
                0x0800119c                LTDC_ER_IRQHandler
                0x0800119c                DMA2_Stream2_IRQHandler
                0x0800119c                HRTIM1_TIME_IRQHandler
                0x0800119c                SPI1_IRQHandler
                0x0800119c                TIM6_DAC_IRQHandler
                0x0800119c                DCMI_IRQHandler
                0x0800119c                HRTIM1_TIMC_IRQHandler
                0x0800119c                DMA2_Stream3_IRQHandler
                0x0800119c                SAI2_IRQHandler
                0x0800119c                DFSDM1_FLT3_IRQHandler
                0x0800119c                USART6_IRQHandler
                0x0800119c                TIM17_IRQHandler
                0x0800119c                USART3_IRQHandler
                0x0800119c                BDMA_Channel7_IRQHandler
                0x0800119c                CRYP_IRQHandler
                0x0800119c                LPTIM5_IRQHandler
                0x0800119c                UART5_IRQHandler
                0x0800119c                ADC3_IRQHandler
                0x0800119c                DMA2_Stream0_IRQHandler
                0x0800119c                TIM4_IRQHandler
                0x0800119c                BDMA_Channel2_IRQHandler
                0x0800119c                QUADSPI_IRQHandler
                0x0800119c                I2C1_EV_IRQHandler
                0x0800119c                DMA1_Stream6_IRQHandler
                0x0800119c                DMAMUX1_OVR_IRQHandler
                0x0800119c                DMA1_Stream1_IRQHandler
                0x0800119c                TIM16_IRQHandler
                0x0800119c                UART4_IRQHandler
                0x0800119c                BDMA_Channel5_IRQHandler
                0x0800119c                TIM3_IRQHandler
                0x0800119c                RCC_IRQHandler
                0x0800119c                TIM8_BRK_TIM12_IRQHandler
                0x0800119c                TIM1_TRG_COM_IRQHandler
                0x0800119c                Default_Handler
                0x0800119c                ECC_IRQHandler
                0x0800119c                CEC_IRQHandler
                0x0800119c                EXTI15_10_IRQHandler
                0x0800119c                BDMA_Channel0_IRQHandler
                0x0800119c                ADC_IRQHandler
                0x0800119c                DMA1_Stream7_IRQHandler
                0x0800119c                HRTIM1_TIMA_IRQHandler
                0x0800119c                SPI5_IRQHandler
                0x0800119c                TIM7_IRQHandler
                0x0800119c                SDMMC1_IRQHandler
                0x0800119c                TIM5_IRQHandler
                0x0800119c                DMA2_Stream7_IRQHandler
                0x0800119c                TIM15_IRQHandler
                0x0800119c                PVD_AVD_IRQHandler
                0x0800119c                I2C3_EV_IRQHandler
                0x0800119c                EXTI9_5_IRQHandler
                0x0800119c                RTC_WKUP_IRQHandler
                0x0800119c                LTDC_IRQHandler
                0x0800119c                SAI3_IRQHandler
                0x0800119c                ETH_WKUP_IRQHandler
                0x0800119c                SPDIF_RX_IRQHandler
                0x0800119c                SPI2_IRQHandler
                0x0800119c                OTG_HS_EP1_IN_IRQHandler
                0x0800119c                DMA1_Stream0_IRQHandler
                0x0800119c                CRS_IRQHandler
                0x0800119c                EXTI4_IRQHandler
                0x0800119c                HRTIM1_TIMB_IRQHandler
                0x0800119c                FDCAN2_IT1_IRQHandler
                0x0800119c                ETH_IRQHandler
                0x0800119c                TIM1_UP_IRQHandler
                0x0800119c                BDMA_Channel4_IRQHandler
                0x0800119c                OTG_HS_EP1_OUT_IRQHandler
                0x0800119c                WWDG_IRQHandler
                0x0800119c                SPI6_IRQHandler
                0x0800119c                MDIOS_IRQHandler
                0x0800119c                I2C4_EV_IRQHandler
                0x0800119c                FDCAN2_IT0_IRQHandler
                0x0800119c                LPUART1_IRQHandler
                0x0800119c                FDCAN1_IT0_IRQHandler
                0x0800119c                OTG_FS_WKUP_IRQHandler
                0x0800119c                OTG_HS_IRQHandler
                0x0800119c                DMA2D_IRQHandler
                0x0800119c                TIM1_BRK_IRQHandler
                0x0800119c                EXTI1_IRQHandler
                0x0800119c                SDMMC2_IRQHandler
                0x0800119c                OTG_FS_EP1_OUT_IRQHandler
                0x0800119c                BDMA_Channel3_IRQHandler
                0x0800119c                UART7_IRQHandler
                0x0800119c                MDIOS_WKUP_IRQHandler
                0x0800119c                USART2_IRQHandler
                0x0800119c                DFSDM1_FLT0_IRQHandler
                0x0800119c                SAI4_IRQHandler
                0x0800119c                I2C2_ER_IRQHandler
                0x0800119c                DMA2_Stream1_IRQHandler
                0x0800119c                FLASH_IRQHandler
                0x0800119c                DMA2_Stream4_IRQHandler
                0x0800119c                USART1_IRQHandler
                0x0800119c                OTG_FS_IRQHandler
                0x0800119c                SPI3_IRQHandler
                0x0800119c                WAKEUP_PIN_IRQHandler
                0x0800119c                DMA1_Stream4_IRQHandler
                0x0800119c                OTG_FS_EP1_IN_IRQHandler
                0x0800119c                I2C1_ER_IRQHandler
                0x0800119c                FMC_IRQHandler
                0x0800119c                FDCAN_CAL_IRQHandler
                0x0800119c                SWPMI1_IRQHandler
                0x0800119c                COMP1_IRQHandler
                0x0800119c                LPTIM1_IRQHandler
                0x0800119c                I2C4_ER_IRQHandler
                0x0800119c                DMA2_Stream6_IRQHandler
                0x0800119c                SAI1_IRQHandler
                0x0800119c                DMA1_Stream3_IRQHandler
 *fill*         0x0800119e        0x2 
 .text.HAL_InitTick
                0x080011a0       0x50 CMakeFiles/1.elf.dir/Drivers/STM32H7xx_HAL_Driver/Src/stm32h7xx_hal.c.obj
                0x080011a0                HAL_InitTick
 .text.HAL_Init
                0x080011f0       0x5c CMakeFiles/1.elf.dir/Drivers/STM32H7xx_HAL_Driver/Src/stm32h7xx_hal.c.obj
                0x080011f0                HAL_Init
 .text.HAL_IncTick
                0x0800124c       0x18 CMakeFiles/1.elf.dir/Drivers/STM32H7xx_HAL_Driver/Src/stm32h7xx_hal.c.obj
                0x0800124c                HAL_IncTick
 .text.HAL_GetTick
                0x08001264        0xc CMakeFiles/1.elf.dir/Drivers/STM32H7xx_HAL_Driver/Src/stm32h7xx_hal.c.obj
                0x08001264                HAL_GetTick
 .text.HAL_GetREVID
                0x08001270        0xc CMakeFiles/1.elf.dir/Drivers/STM32H7xx_HAL_Driver/Src/stm32h7xx_hal.c.obj
                0x08001270                HAL_GetREVID
 .text.HAL_NVIC_SetPriorityGrouping
                0x0800127c       0x24 CMakeFiles/1.elf.dir/Drivers/STM32H7xx_HAL_Driver/Src/stm32h7xx_hal_cortex.c.obj
                0x0800127c                HAL_NVIC_SetPriorityGrouping
 .text.HAL_NVIC_SetPriority
                0x080012a0       0x6c CMakeFiles/1.elf.dir/Drivers/STM32H7xx_HAL_Driver/Src/stm32h7xx_hal_cortex.c.obj
                0x080012a0                HAL_NVIC_SetPriority
 .text.HAL_NVIC_EnableIRQ
                0x0800130c       0x1c CMakeFiles/1.elf.dir/Drivers/STM32H7xx_HAL_Driver/Src/stm32h7xx_hal_cortex.c.obj
                0x0800130c                HAL_NVIC_EnableIRQ
 .text.HAL_SYSTICK_Config
                0x08001328       0x28 CMakeFiles/1.elf.dir/Drivers/STM32H7xx_HAL_Driver/Src/stm32h7xx_hal_cortex.c.obj
                0x08001328                HAL_SYSTICK_Config
 .text.HAL_GPIO_Init
                0x08001350      0x228 CMakeFiles/1.elf.dir/Drivers/STM32H7xx_HAL_Driver/Src/stm32h7xx_hal_gpio.c.obj
                0x08001350                HAL_GPIO_Init
 .text.HAL_GPIO_WritePin
                0x08001578        0xc CMakeFiles/1.elf.dir/Drivers/STM32H7xx_HAL_Driver/Src/stm32h7xx_hal_gpio.c.obj
                0x08001578                HAL_GPIO_WritePin
 .text.HAL_PWREx_ConfigSupply
                0x08001584       0x54 CMakeFiles/1.elf.dir/Drivers/STM32H7xx_HAL_Driver/Src/stm32h7xx_hal_pwr_ex.c.obj
                0x08001584                HAL_PWREx_ConfigSupply
 .text.HAL_RCC_OscConfig
                0x080015d8      0x6b4 CMakeFiles/1.elf.dir/Drivers/STM32H7xx_HAL_Driver/Src/stm32h7xx_hal_rcc.c.obj
                0x080015d8                HAL_RCC_OscConfig
 .text.HAL_RCC_GetSysClockFreq
                0x08001c8c      0x218 CMakeFiles/1.elf.dir/Drivers/STM32H7xx_HAL_Driver/Src/stm32h7xx_hal_rcc.c.obj
                0x08001c8c                HAL_RCC_GetSysClockFreq
 .text.HAL_RCC_ClockConfig
                0x08001ea4      0x294 CMakeFiles/1.elf.dir/Drivers/STM32H7xx_HAL_Driver/Src/stm32h7xx_hal_rcc.c.obj
                0x08001ea4                HAL_RCC_ClockConfig
 .text.HAL_RCC_GetHCLKFreq
                0x08002138       0x44 CMakeFiles/1.elf.dir/Drivers/STM32H7xx_HAL_Driver/Src/stm32h7xx_hal_rcc.c.obj
                0x08002138                HAL_RCC_GetHCLKFreq
 .text.HAL_RCC_GetPCLK1Freq
                0x0800217c       0x24 CMakeFiles/1.elf.dir/Drivers/STM32H7xx_HAL_Driver/Src/stm32h7xx_hal_rcc.c.obj
                0x0800217c                HAL_RCC_GetPCLK1Freq
 .text.HAL_RCC_GetPCLK2Freq
                0x080021a0       0x24 CMakeFiles/1.elf.dir/Drivers/STM32H7xx_HAL_Driver/Src/stm32h7xx_hal_rcc.c.obj
                0x080021a0                HAL_RCC_GetPCLK2Freq
 .text.RCCEx_PLL2_Config
                0x080021c4      0x10c CMakeFiles/1.elf.dir/Drivers/STM32H7xx_HAL_Driver/Src/stm32h7xx_hal_rcc_ex.c.obj
 .text.RCCEx_PLL3_Config
                0x080022d0      0x10c CMakeFiles/1.elf.dir/Drivers/STM32H7xx_HAL_Driver/Src/stm32h7xx_hal_rcc_ex.c.obj
 .text.HAL_RCCEx_PeriphCLKConfig
                0x080023dc      0xa8c CMakeFiles/1.elf.dir/Drivers/STM32H7xx_HAL_Driver/Src/stm32h7xx_hal_rcc_ex.c.obj
                0x080023dc                HAL_RCCEx_PeriphCLKConfig
 .text.HAL_RCCEx_GetD3PCLK1Freq
                0x08002e68       0x24 CMakeFiles/1.elf.dir/Drivers/STM32H7xx_HAL_Driver/Src/stm32h7xx_hal_rcc_ex.c.obj
                0x08002e68                HAL_RCCEx_GetD3PCLK1Freq
 .text.HAL_RCCEx_GetPLL2ClockFreq
                0x08002e8c      0x234 CMakeFiles/1.elf.dir/Drivers/STM32H7xx_HAL_Driver/Src/stm32h7xx_hal_rcc_ex.c.obj
                0x08002e8c                HAL_RCCEx_GetPLL2ClockFreq
 .text.HAL_RCCEx_GetPLL3ClockFreq
                0x080030c0      0x234 CMakeFiles/1.elf.dir/Drivers/STM32H7xx_HAL_Driver/Src/stm32h7xx_hal_rcc_ex.c.obj
                0x080030c0                HAL_RCCEx_GetPLL3ClockFreq
 .text.TIM_TI1_ConfigInputStage
                0x080032f4       0x24 CMakeFiles/1.elf.dir/Drivers/STM32H7xx_HAL_Driver/Src/stm32h7xx_hal_tim.c.obj
 .text.TIM_TI2_ConfigInputStage
                0x08003318       0x26 CMakeFiles/1.elf.dir/Drivers/STM32H7xx_HAL_Driver/Src/stm32h7xx_hal_tim.c.obj
 *fill*         0x0800333e        0x2 
 .text.TIM_ITRx_SetConfig
                0x08003340       0x14 CMakeFiles/1.elf.dir/Drivers/STM32H7xx_HAL_Driver/Src/stm32h7xx_hal_tim.c.obj
 .text.HAL_TIM_Base_Start_IT
                0x08003354       0x90 CMakeFiles/1.elf.dir/Drivers/STM32H7xx_HAL_Driver/Src/stm32h7xx_hal_tim.c.obj
                0x08003354                HAL_TIM_Base_Start_IT
 .text.HAL_TIM_OC_DelayElapsedCallback
                0x080033e4        0x2 CMakeFiles/1.elf.dir/Drivers/STM32H7xx_HAL_Driver/Src/stm32h7xx_hal_tim.c.obj
                0x080033e4                HAL_TIM_OC_DelayElapsedCallback
 .text.HAL_TIM_IC_CaptureCallback
                0x080033e6        0x2 CMakeFiles/1.elf.dir/Drivers/STM32H7xx_HAL_Driver/Src/stm32h7xx_hal_tim.c.obj
                0x080033e6                HAL_TIM_IC_CaptureCallback
 .text.HAL_TIM_PWM_PulseFinishedCallback
                0x080033e8        0x2 CMakeFiles/1.elf.dir/Drivers/STM32H7xx_HAL_Driver/Src/stm32h7xx_hal_tim.c.obj
                0x080033e8                HAL_TIM_PWM_PulseFinishedCallback
 .text.HAL_TIM_TriggerCallback
                0x080033ea        0x2 CMakeFiles/1.elf.dir/Drivers/STM32H7xx_HAL_Driver/Src/stm32h7xx_hal_tim.c.obj
                0x080033ea                HAL_TIM_TriggerCallback
 .text.HAL_TIM_IRQHandler
                0x080033ec      0x17a CMakeFiles/1.elf.dir/Drivers/STM32H7xx_HAL_Driver/Src/stm32h7xx_hal_tim.c.obj
                0x080033ec                HAL_TIM_IRQHandler
 *fill*         0x08003566        0x2 
 .text.TIM_Base_SetConfig
                0x08003568      0x114 CMakeFiles/1.elf.dir/Drivers/STM32H7xx_HAL_Driver/Src/stm32h7xx_hal_tim.c.obj
                0x08003568                TIM_Base_SetConfig
 .text.HAL_TIM_Base_Init
                0x0800367c       0x60 CMakeFiles/1.elf.dir/Drivers/STM32H7xx_HAL_Driver/Src/stm32h7xx_hal_tim.c.obj
                0x0800367c                HAL_TIM_Base_Init
 .text.TIM_ETR_SetConfig
                0x080036dc       0x18 CMakeFiles/1.elf.dir/Drivers/STM32H7xx_HAL_Driver/Src/stm32h7xx_hal_tim.c.obj
                0x080036dc                TIM_ETR_SetConfig
 .text.HAL_TIM_ConfigClockSource
                0x080036f4      0x138 CMakeFiles/1.elf.dir/Drivers/STM32H7xx_HAL_Driver/Src/stm32h7xx_hal_tim.c.obj
                0x080036f4                HAL_TIM_ConfigClockSource
 .text.HAL_TIMEx_MasterConfigSynchronization
                0x0800382c       0xa0 CMakeFiles/1.elf.dir/Drivers/STM32H7xx_HAL_Driver/Src/stm32h7xx_hal_tim_ex.c.obj
                0x0800382c                HAL_TIMEx_MasterConfigSynchronization
 .text.HAL_TIMEx_CommutCallback
                0x080038cc        0x2 CMakeFiles/1.elf.dir/Drivers/STM32H7xx_HAL_Driver/Src/stm32h7xx_hal_tim_ex.c.obj
                0x080038cc                HAL_TIMEx_CommutCallback
 .text.HAL_TIMEx_BreakCallback
                0x080038ce        0x2 CMakeFiles/1.elf.dir/Drivers/STM32H7xx_HAL_Driver/Src/stm32h7xx_hal_tim_ex.c.obj
                0x080038ce                HAL_TIMEx_BreakCallback
 .text.HAL_TIMEx_Break2Callback
                0x080038d0        0x2 CMakeFiles/1.elf.dir/Drivers/STM32H7xx_HAL_Driver/Src/stm32h7xx_hal_tim_ex.c.obj
                0x080038d0                HAL_TIMEx_Break2Callback
 *fill*         0x080038d2        0x2 
 .text.UART_EndRxTransfer
                0x080038d4       0x58 CMakeFiles/1.elf.dir/Drivers/STM32H7xx_HAL_Driver/Src/stm32h7xx_hal_uart.c.obj
 .text.UART_SetConfig
                0x0800392c      0x5f4 CMakeFiles/1.elf.dir/Drivers/STM32H7xx_HAL_Driver/Src/stm32h7xx_hal_uart.c.obj
                0x0800392c                UART_SetConfig
 .text.UART_AdvFeatureConfig
                0x08003f20       0xca CMakeFiles/1.elf.dir/Drivers/STM32H7xx_HAL_Driver/Src/stm32h7xx_hal_uart.c.obj
                0x08003f20                UART_AdvFeatureConfig
 .text.UART_WaitOnFlagUntilTimeout
                0x08003fea       0xaa CMakeFiles/1.elf.dir/Drivers/STM32H7xx_HAL_Driver/Src/stm32h7xx_hal_uart.c.obj
                0x08003fea                UART_WaitOnFlagUntilTimeout
 .text.UART_CheckIdleState
                0x08004094       0xca CMakeFiles/1.elf.dir/Drivers/STM32H7xx_HAL_Driver/Src/stm32h7xx_hal_uart.c.obj
                0x08004094                UART_CheckIdleState
 .text.HAL_UART_Init
                0x0800415e       0x66 CMakeFiles/1.elf.dir/Drivers/STM32H7xx_HAL_Driver/Src/stm32h7xx_hal_uart.c.obj
                0x0800415e                HAL_UART_Init
 .text.UARTEx_SetNbDataToProcess
                0x080041c4       0x4c CMakeFiles/1.elf.dir/Drivers/STM32H7xx_HAL_Driver/Src/stm32h7xx_hal_uart_ex.c.obj
 .text.HAL_UARTEx_DisableFifoMode
                0x08004210       0x3e CMakeFiles/1.elf.dir/Drivers/STM32H7xx_HAL_Driver/Src/stm32h7xx_hal_uart_ex.c.obj
                0x08004210                HAL_UARTEx_DisableFifoMode
 .text.HAL_UARTEx_SetTxFifoThreshold
                0x0800424e       0x4a CMakeFiles/1.elf.dir/Drivers/STM32H7xx_HAL_Driver/Src/stm32h7xx_hal_uart_ex.c.obj
                0x0800424e                HAL_UARTEx_SetTxFifoThreshold
 .text.HAL_UARTEx_SetRxFifoThreshold
                0x08004298       0x4a CMakeFiles/1.elf.dir/Drivers/STM32H7xx_HAL_Driver/Src/stm32h7xx_hal_uart_ex.c.obj
                0x08004298                HAL_UARTEx_SetRxFifoThreshold
 *fill*         0x080042e2        0x2 
 .text.__libc_init_array
                0x080042e4       0x48 d:/environment/gcc-arm-none-eabi/bin/../lib/gcc/arm-none-eabi/10.3.1/../../../../arm-none-eabi/lib/thumb/v7e-m/nofp\libg.a(lib_a-init.o)
                0x080042e4                __libc_init_array
 .text.memset   0x0800432c       0xa4 d:/environment/gcc-arm-none-eabi/bin/../lib/gcc/arm-none-eabi/10.3.1/../../../../arm-none-eabi/lib/thumb/v7e-m/nofp\libg.a(lib_a-memset.o)
                0x0800432c                memset
 .text.startup.register_fini
                0x080043d0       0x14 d:/environment/gcc-arm-none-eabi/bin/../lib/gcc/arm-none-eabi/10.3.1/../../../../arm-none-eabi/lib/thumb/v7e-m/nofp\libg.a(lib_a-__call_atexit.o)
 .text.atexit   0x080043e4        0xc d:/environment/gcc-arm-none-eabi/bin/../lib/gcc/arm-none-eabi/10.3.1/../../../../arm-none-eabi/lib/thumb/v7e-m/nofp\libg.a(lib_a-atexit.o)
                0x080043e4                atexit
 .text.__libc_fini_array
                0x080043f0       0x2c d:/environment/gcc-arm-none-eabi/bin/../lib/gcc/arm-none-eabi/10.3.1/../../../../arm-none-eabi/lib/thumb/v7e-m/nofp\libg.a(lib_a-fini.o)
                0x080043f0                __libc_fini_array
 .text.__retarget_lock_acquire_recursive
                0x0800441c        0x4 d:/environment/gcc-arm-none-eabi/bin/../lib/gcc/arm-none-eabi/10.3.1/../../../../arm-none-eabi/lib/thumb/v7e-m/nofp\libg.a(lib_a-lock.o)
                0x0800441c                __retarget_lock_acquire_recursive
 .text.__retarget_lock_release_recursive
                0x08004420        0x4 d:/environment/gcc-arm-none-eabi/bin/../lib/gcc/arm-none-eabi/10.3.1/../../../../arm-none-eabi/lib/thumb/v7e-m/nofp\libg.a(lib_a-lock.o)
                0x08004420                __retarget_lock_release_recursive
 .text.__register_exitproc
                0x08004424       0x8c d:/environment/gcc-arm-none-eabi/bin/../lib/gcc/arm-none-eabi/10.3.1/../../../../arm-none-eabi/lib/thumb/v7e-m/nofp\libg.a(lib_a-__atexit.o)
                0x08004424                __register_exitproc
 *(.glue_7)
 .glue_7        0x080044b0        0x0 linker stubs
 *(.glue_7t)
 .glue_7t       0x080044b0        0x0 linker stubs
 *(.eh_frame)
 .eh_frame      0x080044b0        0x0 d:/environment/gcc-arm-none-eabi/bin/../lib/gcc/arm-none-eabi/10.3.1/thumb/v7e-m/nofp/crtbegin.o
 *(.init)
 .init          0x080044b0        0x4 d:/environment/gcc-arm-none-eabi/bin/../lib/gcc/arm-none-eabi/10.3.1/thumb/v7e-m/nofp/crti.o
                0x080044b0                _init
 .init          0x080044b4        0x8 d:/environment/gcc-arm-none-eabi/bin/../lib/gcc/arm-none-eabi/10.3.1/thumb/v7e-m/nofp/crtn.o
 *(.fini)
 .fini          0x080044bc        0x4 d:/environment/gcc-arm-none-eabi/bin/../lib/gcc/arm-none-eabi/10.3.1/thumb/v7e-m/nofp/crti.o
                0x080044bc                _fini
 .fini          0x080044c0        0x8 d:/environment/gcc-arm-none-eabi/bin/../lib/gcc/arm-none-eabi/10.3.1/thumb/v7e-m/nofp/crtn.o
                0x080044c8                . = ALIGN (0x4)
                0x080044c8                _etext = .

.vfp11_veneer   0x080044c8        0x0
 .vfp11_veneer  0x080044c8        0x0 linker stubs

.v4_bx          0x080044c8        0x0
 .v4_bx         0x080044c8        0x0 linker stubs

.iplt           0x080044c8        0x0
 .iplt          0x080044c8        0x0 d:/environment/gcc-arm-none-eabi/bin/../lib/gcc/arm-none-eabi/10.3.1/thumb/v7e-m/nofp/crtbegin.o

.rodata         0x080044c8       0x3c
                0x080044c8                . = ALIGN (0x4)
 *(.rodata)
 *(.rodata*)
 .rodata.D1CorePrescTable
                0x080044c8       0x10 CMakeFiles/1.elf.dir/Core/Src/system_stm32h7xx.c.obj
                0x080044c8                D1CorePrescTable
 .rodata.UARTPrescTable
                0x080044d8       0x18 CMakeFiles/1.elf.dir/Drivers/STM32H7xx_HAL_Driver/Src/stm32h7xx_hal_uart.c.obj
                0x080044d8                UARTPrescTable
 .rodata.denominator.0
                0x080044f0        0x8 CMakeFiles/1.elf.dir/Drivers/STM32H7xx_HAL_Driver/Src/stm32h7xx_hal_uart_ex.c.obj
 .rodata.numerator.1
                0x080044f8        0x8 CMakeFiles/1.elf.dir/Drivers/STM32H7xx_HAL_Driver/Src/stm32h7xx_hal_uart_ex.c.obj
 .rodata._global_impure_ptr
                0x08004500        0x4 d:/environment/gcc-arm-none-eabi/bin/../lib/gcc/arm-none-eabi/10.3.1/../../../../arm-none-eabi/lib/thumb/v7e-m/nofp\libg.a(lib_a-impure.o)
                0x08004500                _global_impure_ptr
                0x08004504                . = ALIGN (0x4)

.ARM.extab
 *(.ARM.extab* .gnu.linkonce.armextab.*)

.ARM            0x08004504        0x8
                0x08004504                __exidx_start = .
 *(.ARM.exidx*)
 .ARM.exidx     0x08004504        0x8 d:/environment/gcc-arm-none-eabi/bin/../lib/gcc/arm-none-eabi/10.3.1/thumb/v7e-m/nofp\libgcc.a(_udivmoddi4.o)
                0x0800450c                __exidx_end = .

.rel.dyn        0x0800450c        0x0
 .rel.iplt      0x0800450c        0x0 d:/environment/gcc-arm-none-eabi/bin/../lib/gcc/arm-none-eabi/10.3.1/thumb/v7e-m/nofp/crtbegin.o

.preinit_array  0x0800450c        0x0
                0x0800450c                PROVIDE (__preinit_array_start = .)
 *(.preinit_array*)
                0x0800450c                PROVIDE (__preinit_array_end = .)

.init_array     0x0800450c        0x8
                0x0800450c                PROVIDE (__init_array_start = .)
 *(SORT_BY_NAME(.init_array.*))
 .init_array.00000
                0x0800450c        0x4 d:/environment/gcc-arm-none-eabi/bin/../lib/gcc/arm-none-eabi/10.3.1/../../../../arm-none-eabi/lib/thumb/v7e-m/nofp\libg.a(lib_a-__call_atexit.o)
 *(.init_array*)
 .init_array    0x08004510        0x4 d:/environment/gcc-arm-none-eabi/bin/../lib/gcc/arm-none-eabi/10.3.1/thumb/v7e-m/nofp/crtbegin.o
                0x08004514                PROVIDE (__init_array_end = .)

.fini_array     0x08004514        0x4
                0x08004514                PROVIDE (__fini_array_start = .)
 *(SORT_BY_NAME(.fini_array.*))
 *(.fini_array*)
 .fini_array    0x08004514        0x4 d:/environment/gcc-arm-none-eabi/bin/../lib/gcc/arm-none-eabi/10.3.1/thumb/v7e-m/nofp/crtbegin.o
                0x08004518                PROVIDE (__fini_array_end = .)
                0x08004518                _sidata = LOADADDR (.data)

.data           0x24000000      0x43c load address 0x08004518
                0x24000000                . = ALIGN (0x4)
                0x24000000                _sdata = .
 *(.data)
 *(.data*)
 .data.SystemCoreClock
                0x24000000        0x4 CMakeFiles/1.elf.dir/Core/Src/system_stm32h7xx.c.obj
                0x24000000                SystemCoreClock
 .data.SystemD2Clock
                0x24000004        0x4 CMakeFiles/1.elf.dir/Core/Src/system_stm32h7xx.c.obj
                0x24000004                SystemD2Clock
 .data.uwTickFreq
                0x24000008        0x1 CMakeFiles/1.elf.dir/Drivers/STM32H7xx_HAL_Driver/Src/stm32h7xx_hal.c.obj
                0x24000008                uwTickFreq
 *fill*         0x24000009        0x3 
 .data.uwTickPrio
                0x2400000c        0x4 CMakeFiles/1.elf.dir/Drivers/STM32H7xx_HAL_Driver/Src/stm32h7xx_hal.c.obj
                0x2400000c                uwTickPrio
 .data.impure_data
                0x24000010      0x428 d:/environment/gcc-arm-none-eabi/bin/../lib/gcc/arm-none-eabi/10.3.1/../../../../arm-none-eabi/lib/thumb/v7e-m/nofp\libg.a(lib_a-impure.o)
 .data.__atexit_recursive_mutex
                0x24000438        0x4 d:/environment/gcc-arm-none-eabi/bin/../lib/gcc/arm-none-eabi/10.3.1/../../../../arm-none-eabi/lib/thumb/v7e-m/nofp\libg.a(lib_a-__call_atexit.o)
                0x24000438                __atexit_recursive_mutex
 *(.RamFunc)
 *(.RamFunc*)
                0x2400043c                . = ALIGN (0x4)
                0x2400043c                _edata = .

.igot.plt       0x2400043c        0x0 load address 0x08004954
 .igot.plt      0x2400043c        0x0 d:/environment/gcc-arm-none-eabi/bin/../lib/gcc/arm-none-eabi/10.3.1/thumb/v7e-m/nofp/crtbegin.o
                0x2400043c                . = ALIGN (0x4)

.bss            0x2400043c      0x1dc load address 0x08004954
                0x2400043c                _sbss = .
                0x2400043c                __bss_start__ = _sbss
 *(.bss)
 .bss           0x2400043c       0x1c d:/environment/gcc-arm-none-eabi/bin/../lib/gcc/arm-none-eabi/10.3.1/thumb/v7e-m/nofp/crtbegin.o
 *(.bss*)
 .bss.DAC_CS_Port
                0x24000458        0x6 CMakeFiles/1.elf.dir/Core/Src/main.c.obj
                0x24000458                DAC_CS_Port
 *fill*         0x2400045e        0x2 
 .bss.DAC_Channel
                0x24000460       0x10 CMakeFiles/1.elf.dir/Core/Src/main.c.obj
                0x24000460                DAC_Channel
 .bss.DAC_HIGH_COUNT
                0x24000470       0x18 CMakeFiles/1.elf.dir/Core/Src/main.c.obj
                0x24000470                DAC_HIGH_COUNT
 .bss.DAC_HIGH_Value
                0x24000488       0x30 CMakeFiles/1.elf.dir/Core/Src/main.c.obj
                0x24000488                DAC_HIGH_Value
 .bss.DAC_LOW_COUNT
                0x240004b8       0x18 CMakeFiles/1.elf.dir/Core/Src/main.c.obj
                0x240004b8                DAC_LOW_COUNT
 .bss.DAC_LOW_Value
                0x240004d0       0x30 CMakeFiles/1.elf.dir/Core/Src/main.c.obj
                0x240004d0                DAC_LOW_Value
 .bss.uwTick1   0x24000500       0x30 CMakeFiles/1.elf.dir/Core/Src/main.c.obj
                0x24000500                uwTick1
 .bss.htim2     0x24000530       0x4c CMakeFiles/1.elf.dir/Core/Src/tim.c.obj
                0x24000530                htim2
 .bss.huart8    0x2400057c       0x94 CMakeFiles/1.elf.dir/Core/Src/usart.c.obj
                0x2400057c                huart8
 .bss.uwTick    0x24000610        0x4 CMakeFiles/1.elf.dir/Drivers/STM32H7xx_HAL_Driver/Src/stm32h7xx_hal.c.obj
                0x24000610                uwTick
 .bss.__lock___atexit_recursive_mutex
                0x24000614        0x1 d:/environment/gcc-arm-none-eabi/bin/../lib/gcc/arm-none-eabi/10.3.1/../../../../arm-none-eabi/lib/thumb/v7e-m/nofp\libg.a(lib_a-lock.o)
                0x24000614                __lock___atexit_recursive_mutex
 *(COMMON)
                0x24000618                . = ALIGN (0x4)
 *fill*         0x24000615        0x3 
                0x24000618                _ebss = .
                0x24000618                __bss_end__ = _ebss

._user_heap_stack
                0x24000618      0x600 load address 0x08004954
                0x24000618                . = ALIGN (0x8)
                [!provide]                PROVIDE (end = .)
                0x24000618                PROVIDE (_end = .)
                0x24000818                . = (. + _Min_Heap_Size)
 *fill*         0x24000618      0x200 
                0x24000c18                . = (. + _Min_Stack_Size)
 *fill*         0x24000818      0x400 
                0x24000c18                . = ALIGN (0x8)

/DISCARD/
 libc.a(*)
 libm.a(*)
 libgcc.a(*)

.ARM.attributes
                0x00000000       0x2a
 *(.ARM.attributes)
 .ARM.attributes
                0x00000000       0x1e d:/environment/gcc-arm-none-eabi/bin/../lib/gcc/arm-none-eabi/10.3.1/thumb/v7e-m/nofp/crti.o
 .ARM.attributes
                0x0000001e       0x2e d:/environment/gcc-arm-none-eabi/bin/../lib/gcc/arm-none-eabi/10.3.1/thumb/v7e-m/nofp/crtbegin.o
 .ARM.attributes
                0x0000004c       0x2e CMakeFiles/1.elf.dir/Core/Src/gpio.c.obj
 .ARM.attributes
                0x0000007a       0x2e CMakeFiles/1.elf.dir/Core/Src/main.c.obj
 .ARM.attributes
                0x000000a8       0x2e CMakeFiles/1.elf.dir/Core/Src/stm32h7xx_hal_msp.c.obj
 .ARM.attributes
                0x000000d6       0x2e CMakeFiles/1.elf.dir/Core/Src/stm32h7xx_it.c.obj
 .ARM.attributes
                0x00000104       0x2e CMakeFiles/1.elf.dir/Core/Src/system_stm32h7xx.c.obj
 .ARM.attributes
                0x00000132       0x2e CMakeFiles/1.elf.dir/Core/Src/tim.c.obj
 .ARM.attributes
                0x00000160       0x2e CMakeFiles/1.elf.dir/Core/Src/usart.c.obj
 .ARM.attributes
                0x0000018e       0x21 CMakeFiles/1.elf.dir/Core/Startup/startup_stm32h750vbtx.s.obj
 .ARM.attributes
                0x000001af       0x2e CMakeFiles/1.elf.dir/Drivers/STM32H7xx_HAL_Driver/Src/stm32h7xx_hal.c.obj
 .ARM.attributes
                0x000001dd       0x2e CMakeFiles/1.elf.dir/Drivers/STM32H7xx_HAL_Driver/Src/stm32h7xx_hal_cortex.c.obj
 .ARM.attributes
                0x0000020b       0x2e CMakeFiles/1.elf.dir/Drivers/STM32H7xx_HAL_Driver/Src/stm32h7xx_hal_gpio.c.obj
 .ARM.attributes
                0x00000239       0x2e CMakeFiles/1.elf.dir/Drivers/STM32H7xx_HAL_Driver/Src/stm32h7xx_hal_pwr_ex.c.obj
 .ARM.attributes
                0x00000267       0x2e CMakeFiles/1.elf.dir/Drivers/STM32H7xx_HAL_Driver/Src/stm32h7xx_hal_rcc.c.obj
 .ARM.attributes
                0x00000295       0x2e CMakeFiles/1.elf.dir/Drivers/STM32H7xx_HAL_Driver/Src/stm32h7xx_hal_rcc_ex.c.obj
 .ARM.attributes
                0x000002c3       0x2e CMakeFiles/1.elf.dir/Drivers/STM32H7xx_HAL_Driver/Src/stm32h7xx_hal_tim.c.obj
 .ARM.attributes
                0x000002f1       0x2e CMakeFiles/1.elf.dir/Drivers/STM32H7xx_HAL_Driver/Src/stm32h7xx_hal_tim_ex.c.obj
 .ARM.attributes
                0x0000031f       0x2e CMakeFiles/1.elf.dir/Drivers/STM32H7xx_HAL_Driver/Src/stm32h7xx_hal_uart.c.obj
 .ARM.attributes
                0x0000034d       0x2e CMakeFiles/1.elf.dir/Drivers/STM32H7xx_HAL_Driver/Src/stm32h7xx_hal_uart_ex.c.obj
 .ARM.attributes
                0x0000037b       0x1e d:/environment/gcc-arm-none-eabi/bin/../lib/gcc/arm-none-eabi/10.3.1/thumb/v7e-m/nofp\libgcc.a(_arm_addsubsf3.o)
 .ARM.attributes
                0x00000399       0x1e d:/environment/gcc-arm-none-eabi/bin/../lib/gcc/arm-none-eabi/10.3.1/thumb/v7e-m/nofp\libgcc.a(_arm_muldivsf3.o)
 .ARM.attributes
                0x000003b7       0x1e d:/environment/gcc-arm-none-eabi/bin/../lib/gcc/arm-none-eabi/10.3.1/thumb/v7e-m/nofp\libgcc.a(_arm_fixunssfsi.o)
 .ARM.attributes
                0x000003d5       0x1e d:/environment/gcc-arm-none-eabi/bin/../lib/gcc/arm-none-eabi/10.3.1/thumb/v7e-m/nofp\libgcc.a(_aeabi_uldivmod.o)
 .ARM.attributes
                0x000003f3       0x2e d:/environment/gcc-arm-none-eabi/bin/../lib/gcc/arm-none-eabi/10.3.1/thumb/v7e-m/nofp\libgcc.a(_udivmoddi4.o)
 .ARM.attributes
                0x00000421       0x1e d:/environment/gcc-arm-none-eabi/bin/../lib/gcc/arm-none-eabi/10.3.1/thumb/v7e-m/nofp\libgcc.a(_dvmd_tls.o)
 .ARM.attributes
                0x0000043f       0x2e d:/environment/gcc-arm-none-eabi/bin/../lib/gcc/arm-none-eabi/10.3.1/../../../../arm-none-eabi/lib/thumb/v7e-m/nofp\libg.a(lib_a-impure.o)
 .ARM.attributes
                0x0000046d       0x2e d:/environment/gcc-arm-none-eabi/bin/../lib/gcc/arm-none-eabi/10.3.1/../../../../arm-none-eabi/lib/thumb/v7e-m/nofp\libg.a(lib_a-init.o)
 .ARM.attributes
                0x0000049b       0x2e d:/environment/gcc-arm-none-eabi/bin/../lib/gcc/arm-none-eabi/10.3.1/../../../../arm-none-eabi/lib/thumb/v7e-m/nofp\libg.a(lib_a-memset.o)
 .ARM.attributes
                0x000004c9       0x2e d:/environment/gcc-arm-none-eabi/bin/../lib/gcc/arm-none-eabi/10.3.1/../../../../arm-none-eabi/lib/thumb/v7e-m/nofp\libg.a(lib_a-__call_atexit.o)
 .ARM.attributes
                0x000004f7       0x2e d:/environment/gcc-arm-none-eabi/bin/../lib/gcc/arm-none-eabi/10.3.1/../../../../arm-none-eabi/lib/thumb/v7e-m/nofp\libg.a(lib_a-atexit.o)
 .ARM.attributes
                0x00000525       0x2e d:/environment/gcc-arm-none-eabi/bin/../lib/gcc/arm-none-eabi/10.3.1/../../../../arm-none-eabi/lib/thumb/v7e-m/nofp\libg.a(lib_a-fini.o)
 .ARM.attributes
                0x00000553       0x2e d:/environment/gcc-arm-none-eabi/bin/../lib/gcc/arm-none-eabi/10.3.1/../../../../arm-none-eabi/lib/thumb/v7e-m/nofp\libg.a(lib_a-lock.o)
 .ARM.attributes
                0x00000581       0x2e d:/environment/gcc-arm-none-eabi/bin/../lib/gcc/arm-none-eabi/10.3.1/../../../../arm-none-eabi/lib/thumb/v7e-m/nofp\libg.a(lib_a-__atexit.o)
 .ARM.attributes
                0x000005af       0x1e d:/environment/gcc-arm-none-eabi/bin/../lib/gcc/arm-none-eabi/10.3.1/thumb/v7e-m/nofp/crtn.o
OUTPUT(1.elf elf32-littlearm)
LOAD linker stubs
LOAD d:/environment/gcc-arm-none-eabi/bin/../lib/gcc/arm-none-eabi/10.3.1/../../../../arm-none-eabi/lib/thumb/v7e-m/nofp\libc.a
LOAD d:/environment/gcc-arm-none-eabi/bin/../lib/gcc/arm-none-eabi/10.3.1/../../../../arm-none-eabi/lib/thumb/v7e-m/nofp\libm.a
LOAD d:/environment/gcc-arm-none-eabi/bin/../lib/gcc/arm-none-eabi/10.3.1/thumb/v7e-m/nofp\libgcc.a

.debug_info     0x00000000    0x1a51c
 .debug_info    0x00000000      0x905 CMakeFiles/1.elf.dir/Core/Src/gpio.c.obj
 .debug_info    0x00000905      0x999 CMakeFiles/1.elf.dir/Core/Src/main.c.obj
 .debug_info    0x0000129e      0x4a0 CMakeFiles/1.elf.dir/Core/Src/stm32h7xx_hal_msp.c.obj
 .debug_info    0x0000173e      0x8d8 CMakeFiles/1.elf.dir/Core/Src/stm32h7xx_it.c.obj
 .debug_info    0x00002016      0xaf5 CMakeFiles/1.elf.dir/Core/Src/system_stm32h7xx.c.obj
 .debug_info    0x00002b0b     0x1176 CMakeFiles/1.elf.dir/Core/Src/tim.c.obj
 .debug_info    0x00003c81     0x11b5 CMakeFiles/1.elf.dir/Core/Src/usart.c.obj
 .debug_info    0x00004e36       0x22 CMakeFiles/1.elf.dir/Core/Startup/startup_stm32h750vbtx.s.obj
 .debug_info    0x00004e58     0x16a6 CMakeFiles/1.elf.dir/Drivers/STM32H7xx_HAL_Driver/Src/stm32h7xx_hal.c.obj
 .debug_info    0x000064fe     0x143e CMakeFiles/1.elf.dir/Drivers/STM32H7xx_HAL_Driver/Src/stm32h7xx_hal_cortex.c.obj
 .debug_info    0x0000793c      0xd66 CMakeFiles/1.elf.dir/Drivers/STM32H7xx_HAL_Driver/Src/stm32h7xx_hal_gpio.c.obj
 .debug_info    0x000086a2     0x122e CMakeFiles/1.elf.dir/Drivers/STM32H7xx_HAL_Driver/Src/stm32h7xx_hal_pwr_ex.c.obj
 .debug_info    0x000098d0     0x13c5 CMakeFiles/1.elf.dir/Drivers/STM32H7xx_HAL_Driver/Src/stm32h7xx_hal_rcc.c.obj
 .debug_info    0x0000ac95     0x2034 CMakeFiles/1.elf.dir/Drivers/STM32H7xx_HAL_Driver/Src/stm32h7xx_hal_rcc_ex.c.obj
 .debug_info    0x0000ccc9     0x4032 CMakeFiles/1.elf.dir/Drivers/STM32H7xx_HAL_Driver/Src/stm32h7xx_hal_tim.c.obj
 .debug_info    0x00010cfb     0x1e7d CMakeFiles/1.elf.dir/Drivers/STM32H7xx_HAL_Driver/Src/stm32h7xx_hal_tim_ex.c.obj
 .debug_info    0x00012b78     0x674e CMakeFiles/1.elf.dir/Drivers/STM32H7xx_HAL_Driver/Src/stm32h7xx_hal_uart.c.obj
 .debug_info    0x000192c6     0x1256 CMakeFiles/1.elf.dir/Drivers/STM32H7xx_HAL_Driver/Src/stm32h7xx_hal_uart_ex.c.obj

.debug_abbrev   0x00000000     0x2675
 .debug_abbrev  0x00000000      0x1d7 CMakeFiles/1.elf.dir/Core/Src/gpio.c.obj
 .debug_abbrev  0x000001d7      0x23c CMakeFiles/1.elf.dir/Core/Src/main.c.obj
 .debug_abbrev  0x00000413       0xd7 CMakeFiles/1.elf.dir/Core/Src/stm32h7xx_hal_msp.c.obj
 .debug_abbrev  0x000004ea      0x1a7 CMakeFiles/1.elf.dir/Core/Src/stm32h7xx_it.c.obj
 .debug_abbrev  0x00000691      0x162 CMakeFiles/1.elf.dir/Core/Src/system_stm32h7xx.c.obj
 .debug_abbrev  0x000007f3      0x1fe CMakeFiles/1.elf.dir/Core/Src/tim.c.obj
 .debug_abbrev  0x000009f1      0x20b CMakeFiles/1.elf.dir/Core/Src/usart.c.obj
 .debug_abbrev  0x00000bfc       0x12 CMakeFiles/1.elf.dir/Core/Startup/startup_stm32h750vbtx.s.obj
 .debug_abbrev  0x00000c0e      0x264 CMakeFiles/1.elf.dir/Drivers/STM32H7xx_HAL_Driver/Src/stm32h7xx_hal.c.obj
 .debug_abbrev  0x00000e72      0x37d CMakeFiles/1.elf.dir/Drivers/STM32H7xx_HAL_Driver/Src/stm32h7xx_hal_cortex.c.obj
 .debug_abbrev  0x000011ef      0x239 CMakeFiles/1.elf.dir/Drivers/STM32H7xx_HAL_Driver/Src/stm32h7xx_hal_gpio.c.obj
 .debug_abbrev  0x00001428      0x29b CMakeFiles/1.elf.dir/Drivers/STM32H7xx_HAL_Driver/Src/stm32h7xx_hal_pwr_ex.c.obj
 .debug_abbrev  0x000016c3      0x28c CMakeFiles/1.elf.dir/Drivers/STM32H7xx_HAL_Driver/Src/stm32h7xx_hal_rcc.c.obj
 .debug_abbrev  0x0000194f      0x285 CMakeFiles/1.elf.dir/Drivers/STM32H7xx_HAL_Driver/Src/stm32h7xx_hal_rcc_ex.c.obj
 .debug_abbrev  0x00001bd4      0x232 CMakeFiles/1.elf.dir/Drivers/STM32H7xx_HAL_Driver/Src/stm32h7xx_hal_tim.c.obj
 .debug_abbrev  0x00001e06      0x248 CMakeFiles/1.elf.dir/Drivers/STM32H7xx_HAL_Driver/Src/stm32h7xx_hal_tim_ex.c.obj
 .debug_abbrev  0x0000204e      0x337 CMakeFiles/1.elf.dir/Drivers/STM32H7xx_HAL_Driver/Src/stm32h7xx_hal_uart.c.obj
 .debug_abbrev  0x00002385      0x2f0 CMakeFiles/1.elf.dir/Drivers/STM32H7xx_HAL_Driver/Src/stm32h7xx_hal_uart_ex.c.obj

.debug_loc      0x00000000    0x126a9
 .debug_loc     0x00000000       0xc4 CMakeFiles/1.elf.dir/Core/Src/gpio.c.obj
 .debug_loc     0x000000c4       0x46 CMakeFiles/1.elf.dir/Core/Src/main.c.obj
 .debug_loc     0x0000010a       0x15 CMakeFiles/1.elf.dir/Core/Src/stm32h7xx_it.c.obj
 .debug_loc     0x0000011f      0x21e CMakeFiles/1.elf.dir/Core/Src/system_stm32h7xx.c.obj
 .debug_loc     0x0000033d       0x67 CMakeFiles/1.elf.dir/Core/Src/tim.c.obj
 .debug_loc     0x000003a4       0x64 CMakeFiles/1.elf.dir/Core/Src/usart.c.obj
 .debug_loc     0x00000408      0x3fa CMakeFiles/1.elf.dir/Drivers/STM32H7xx_HAL_Driver/Src/stm32h7xx_hal.c.obj
 .debug_loc     0x00000802      0x726 CMakeFiles/1.elf.dir/Drivers/STM32H7xx_HAL_Driver/Src/stm32h7xx_hal_cortex.c.obj
 .debug_loc     0x00000f28      0x3c6 CMakeFiles/1.elf.dir/Drivers/STM32H7xx_HAL_Driver/Src/stm32h7xx_hal_gpio.c.obj
 .debug_loc     0x000012ee      0x4df CMakeFiles/1.elf.dir/Drivers/STM32H7xx_HAL_Driver/Src/stm32h7xx_hal_pwr_ex.c.obj
 .debug_loc     0x000017cd      0x996 CMakeFiles/1.elf.dir/Drivers/STM32H7xx_HAL_Driver/Src/stm32h7xx_hal_rcc.c.obj
 .debug_loc     0x00002163     0x1fbe CMakeFiles/1.elf.dir/Drivers/STM32H7xx_HAL_Driver/Src/stm32h7xx_hal_rcc_ex.c.obj
 .debug_loc     0x00004121     0x56f6 CMakeFiles/1.elf.dir/Drivers/STM32H7xx_HAL_Driver/Src/stm32h7xx_hal_tim.c.obj
 .debug_loc     0x00009817     0x257f CMakeFiles/1.elf.dir/Drivers/STM32H7xx_HAL_Driver/Src/stm32h7xx_hal_tim_ex.c.obj
 .debug_loc     0x0000bd96     0x5d4e CMakeFiles/1.elf.dir/Drivers/STM32H7xx_HAL_Driver/Src/stm32h7xx_hal_uart.c.obj
 .debug_loc     0x00011ae4      0xbc5 CMakeFiles/1.elf.dir/Drivers/STM32H7xx_HAL_Driver/Src/stm32h7xx_hal_uart_ex.c.obj

.debug_aranges  0x00000000      0xf88
 .debug_aranges
                0x00000000       0x38 CMakeFiles/1.elf.dir/Core/Src/gpio.c.obj
 .debug_aranges
                0x00000038       0x30 CMakeFiles/1.elf.dir/Core/Src/main.c.obj
 .debug_aranges
                0x00000068       0x20 CMakeFiles/1.elf.dir/Core/Src/stm32h7xx_hal_msp.c.obj
 .debug_aranges
                0x00000088       0x70 CMakeFiles/1.elf.dir/Core/Src/stm32h7xx_it.c.obj
 .debug_aranges
                0x000000f8       0x28 CMakeFiles/1.elf.dir/Core/Src/system_stm32h7xx.c.obj
 .debug_aranges
                0x00000120       0x30 CMakeFiles/1.elf.dir/Core/Src/tim.c.obj
 .debug_aranges
                0x00000150       0x30 CMakeFiles/1.elf.dir/Core/Src/usart.c.obj
 .debug_aranges
                0x00000180       0x28 CMakeFiles/1.elf.dir/Core/Startup/startup_stm32h750vbtx.s.obj
 .debug_aranges
                0x000001a8      0x198 CMakeFiles/1.elf.dir/Drivers/STM32H7xx_HAL_Driver/Src/stm32h7xx_hal.c.obj
 .debug_aranges
                0x00000340       0xc0 CMakeFiles/1.elf.dir/Drivers/STM32H7xx_HAL_Driver/Src/stm32h7xx_hal_cortex.c.obj
 .debug_aranges
                0x00000400       0x58 CMakeFiles/1.elf.dir/Drivers/STM32H7xx_HAL_Driver/Src/stm32h7xx_hal_gpio.c.obj
 .debug_aranges
                0x00000458      0x158 CMakeFiles/1.elf.dir/Drivers/STM32H7xx_HAL_Driver/Src/stm32h7xx_hal_pwr_ex.c.obj
 .debug_aranges
                0x000005b0       0x88 CMakeFiles/1.elf.dir/Drivers/STM32H7xx_HAL_Driver/Src/stm32h7xx_hal_rcc.c.obj
 .debug_aranges
                0x00000638       0xf8 CMakeFiles/1.elf.dir/Drivers/STM32H7xx_HAL_Driver/Src/stm32h7xx_hal_rcc_ex.c.obj
 .debug_aranges
                0x00000730      0x3e0 CMakeFiles/1.elf.dir/Drivers/STM32H7xx_HAL_Driver/Src/stm32h7xx_hal_tim.c.obj
 .debug_aranges
                0x00000b10      0x188 CMakeFiles/1.elf.dir/Drivers/STM32H7xx_HAL_Driver/Src/stm32h7xx_hal_tim_ex.c.obj
 .debug_aranges
                0x00000c98      0x248 CMakeFiles/1.elf.dir/Drivers/STM32H7xx_HAL_Driver/Src/stm32h7xx_hal_uart.c.obj
 .debug_aranges
                0x00000ee0       0xa8 CMakeFiles/1.elf.dir/Drivers/STM32H7xx_HAL_Driver/Src/stm32h7xx_hal_uart_ex.c.obj

.debug_ranges   0x00000000      0xfb8
 .debug_ranges  0x00000000       0x28 CMakeFiles/1.elf.dir/Core/Src/gpio.c.obj
 .debug_ranges  0x00000028       0x20 CMakeFiles/1.elf.dir/Core/Src/main.c.obj
 .debug_ranges  0x00000048       0x10 CMakeFiles/1.elf.dir/Core/Src/stm32h7xx_hal_msp.c.obj
 .debug_ranges  0x00000058       0x60 CMakeFiles/1.elf.dir/Core/Src/stm32h7xx_it.c.obj
 .debug_ranges  0x000000b8       0x18 CMakeFiles/1.elf.dir/Core/Src/system_stm32h7xx.c.obj
 .debug_ranges  0x000000d0       0x20 CMakeFiles/1.elf.dir/Core/Src/tim.c.obj
 .debug_ranges  0x000000f0       0x20 CMakeFiles/1.elf.dir/Core/Src/usart.c.obj
 .debug_ranges  0x00000110       0x20 CMakeFiles/1.elf.dir/Core/Startup/startup_stm32h750vbtx.s.obj
 .debug_ranges  0x00000130      0x188 CMakeFiles/1.elf.dir/Drivers/STM32H7xx_HAL_Driver/Src/stm32h7xx_hal.c.obj
 .debug_ranges  0x000002b8      0x110 CMakeFiles/1.elf.dir/Drivers/STM32H7xx_HAL_Driver/Src/stm32h7xx_hal_cortex.c.obj
 .debug_ranges  0x000003c8       0x48 CMakeFiles/1.elf.dir/Drivers/STM32H7xx_HAL_Driver/Src/stm32h7xx_hal_gpio.c.obj
 .debug_ranges  0x00000410      0x1a8 CMakeFiles/1.elf.dir/Drivers/STM32H7xx_HAL_Driver/Src/stm32h7xx_hal_pwr_ex.c.obj
 .debug_ranges  0x000005b8       0xe8 CMakeFiles/1.elf.dir/Drivers/STM32H7xx_HAL_Driver/Src/stm32h7xx_hal_rcc.c.obj
 .debug_ranges  0x000006a0       0xe8 CMakeFiles/1.elf.dir/Drivers/STM32H7xx_HAL_Driver/Src/stm32h7xx_hal_rcc_ex.c.obj
 .debug_ranges  0x00000788      0x3d0 CMakeFiles/1.elf.dir/Drivers/STM32H7xx_HAL_Driver/Src/stm32h7xx_hal_tim.c.obj
 .debug_ranges  0x00000b58      0x178 CMakeFiles/1.elf.dir/Drivers/STM32H7xx_HAL_Driver/Src/stm32h7xx_hal_tim_ex.c.obj
 .debug_ranges  0x00000cd0      0x238 CMakeFiles/1.elf.dir/Drivers/STM32H7xx_HAL_Driver/Src/stm32h7xx_hal_uart.c.obj
 .debug_ranges  0x00000f08       0xb0 CMakeFiles/1.elf.dir/Drivers/STM32H7xx_HAL_Driver/Src/stm32h7xx_hal_uart_ex.c.obj

.debug_line     0x00000000    0x15239
 .debug_line    0x00000000      0x3a9 CMakeFiles/1.elf.dir/Core/Src/gpio.c.obj
 .debug_line    0x000003a9      0x51c CMakeFiles/1.elf.dir/Core/Src/main.c.obj
 .debug_line    0x000008c5      0x16f CMakeFiles/1.elf.dir/Core/Src/stm32h7xx_hal_msp.c.obj
 .debug_line    0x00000a34      0x38f CMakeFiles/1.elf.dir/Core/Src/stm32h7xx_it.c.obj
 .debug_line    0x00000dc3      0x408 CMakeFiles/1.elf.dir/Core/Src/system_stm32h7xx.c.obj
 .debug_line    0x000011cb      0x331 CMakeFiles/1.elf.dir/Core/Src/tim.c.obj
 .debug_line    0x000014fc      0x3c6 CMakeFiles/1.elf.dir/Core/Src/usart.c.obj
 .debug_line    0x000018c2       0xa4 CMakeFiles/1.elf.dir/Core/Startup/startup_stm32h750vbtx.s.obj
 .debug_line    0x00001966      0x914 CMakeFiles/1.elf.dir/Drivers/STM32H7xx_HAL_Driver/Src/stm32h7xx_hal.c.obj
 .debug_line    0x0000227a      0x809 CMakeFiles/1.elf.dir/Drivers/STM32H7xx_HAL_Driver/Src/stm32h7xx_hal_cortex.c.obj
 .debug_line    0x00002a83      0x6ec CMakeFiles/1.elf.dir/Drivers/STM32H7xx_HAL_Driver/Src/stm32h7xx_hal_gpio.c.obj
 .debug_line    0x0000316f      0xae9 CMakeFiles/1.elf.dir/Drivers/STM32H7xx_HAL_Driver/Src/stm32h7xx_hal_pwr_ex.c.obj
 .debug_line    0x00003c58     0x12c6 CMakeFiles/1.elf.dir/Drivers/STM32H7xx_HAL_Driver/Src/stm32h7xx_hal_rcc.c.obj
 .debug_line    0x00004f1e     0x1f80 CMakeFiles/1.elf.dir/Drivers/STM32H7xx_HAL_Driver/Src/stm32h7xx_hal_rcc_ex.c.obj
 .debug_line    0x00006e9e     0x508b CMakeFiles/1.elf.dir/Drivers/STM32H7xx_HAL_Driver/Src/stm32h7xx_hal_tim.c.obj
 .debug_line    0x0000bf29     0x1f37 CMakeFiles/1.elf.dir/Drivers/STM32H7xx_HAL_Driver/Src/stm32h7xx_hal_tim_ex.c.obj
 .debug_line    0x0000de60     0x6719 CMakeFiles/1.elf.dir/Drivers/STM32H7xx_HAL_Driver/Src/stm32h7xx_hal_uart.c.obj
 .debug_line    0x00014579      0xcc0 CMakeFiles/1.elf.dir/Drivers/STM32H7xx_HAL_Driver/Src/stm32h7xx_hal_uart_ex.c.obj

.debug_str      0x00000000     0x5dd7
 .debug_str     0x00000000      0x4b8 CMakeFiles/1.elf.dir/Core/Src/gpio.c.obj
                                0x519 (size before relaxing)
 .debug_str     0x000004b8      0x370 CMakeFiles/1.elf.dir/Core/Src/main.c.obj
                                0x600 (size before relaxing)
 .debug_str     0x00000828       0x48 CMakeFiles/1.elf.dir/Core/Src/stm32h7xx_hal_msp.c.obj
                                0x41e (size before relaxing)
 .debug_str     0x00000870      0x6d9 CMakeFiles/1.elf.dir/Core/Src/stm32h7xx_it.c.obj
                                0x911 (size before relaxing)
 .debug_str     0x00000f49      0x2a9 CMakeFiles/1.elf.dir/Core/Src/system_stm32h7xx.c.obj
                                0x694 (size before relaxing)
 .debug_str     0x000011f2      0x9c3 CMakeFiles/1.elf.dir/Core/Src/tim.c.obj
                               0x1448 (size before relaxing)
 .debug_str     0x00001bb5      0x66a CMakeFiles/1.elf.dir/Core/Src/usart.c.obj
                                0xe94 (size before relaxing)
 .debug_str     0x0000221f       0x52 CMakeFiles/1.elf.dir/Core/Startup/startup_stm32h750vbtx.s.obj
                                 0x83 (size before relaxing)
 .debug_str     0x00002271      0x75a CMakeFiles/1.elf.dir/Drivers/STM32H7xx_HAL_Driver/Src/stm32h7xx_hal.c.obj
                               0x14eb (size before relaxing)
 .debug_str     0x000029cb      0x58d CMakeFiles/1.elf.dir/Drivers/STM32H7xx_HAL_Driver/Src/stm32h7xx_hal_cortex.c.obj
                               0x10bb (size before relaxing)
 .debug_str     0x00002f58      0x104 CMakeFiles/1.elf.dir/Drivers/STM32H7xx_HAL_Driver/Src/stm32h7xx_hal_gpio.c.obj
                                0x700 (size before relaxing)
 .debug_str     0x0000305c      0x570 CMakeFiles/1.elf.dir/Drivers/STM32H7xx_HAL_Driver/Src/stm32h7xx_hal_pwr_ex.c.obj
                                0xa75 (size before relaxing)
 .debug_str     0x000035cc      0x1ae CMakeFiles/1.elf.dir/Drivers/STM32H7xx_HAL_Driver/Src/stm32h7xx_hal_rcc.c.obj
                                0xa88 (size before relaxing)
 .debug_str     0x0000377a      0x5e1 CMakeFiles/1.elf.dir/Drivers/STM32H7xx_HAL_Driver/Src/stm32h7xx_hal_rcc_ex.c.obj
                                0xf93 (size before relaxing)
 .debug_str     0x00003d5b      0xeab CMakeFiles/1.elf.dir/Drivers/STM32H7xx_HAL_Driver/Src/stm32h7xx_hal_tim.c.obj
                               0x185f (size before relaxing)
 .debug_str     0x00004c06      0x63d CMakeFiles/1.elf.dir/Drivers/STM32H7xx_HAL_Driver/Src/stm32h7xx_hal_tim_ex.c.obj
                               0x116c (size before relaxing)
 .debug_str     0x00005243      0x936 CMakeFiles/1.elf.dir/Drivers/STM32H7xx_HAL_Driver/Src/stm32h7xx_hal_uart.c.obj
                               0x14df (size before relaxing)
 .debug_str     0x00005b79      0x25e CMakeFiles/1.elf.dir/Drivers/STM32H7xx_HAL_Driver/Src/stm32h7xx_hal_uart_ex.c.obj
                                0xbc8 (size before relaxing)

.comment        0x00000000       0x49
 .comment       0x00000000       0x49 CMakeFiles/1.elf.dir/Core/Src/gpio.c.obj
                                 0x4a (size before relaxing)
 .comment       0x00000049       0x4a CMakeFiles/1.elf.dir/Core/Src/main.c.obj
 .comment       0x00000049       0x4a CMakeFiles/1.elf.dir/Core/Src/stm32h7xx_hal_msp.c.obj
 .comment       0x00000049       0x4a CMakeFiles/1.elf.dir/Core/Src/stm32h7xx_it.c.obj
 .comment       0x00000049       0x4a CMakeFiles/1.elf.dir/Core/Src/system_stm32h7xx.c.obj
 .comment       0x00000049       0x4a CMakeFiles/1.elf.dir/Core/Src/tim.c.obj
 .comment       0x00000049       0x4a CMakeFiles/1.elf.dir/Core/Src/usart.c.obj
 .comment       0x00000049       0x4a CMakeFiles/1.elf.dir/Drivers/STM32H7xx_HAL_Driver/Src/stm32h7xx_hal.c.obj
 .comment       0x00000049       0x4a CMakeFiles/1.elf.dir/Drivers/STM32H7xx_HAL_Driver/Src/stm32h7xx_hal_cortex.c.obj
 .comment       0x00000049       0x4a CMakeFiles/1.elf.dir/Drivers/STM32H7xx_HAL_Driver/Src/stm32h7xx_hal_gpio.c.obj
 .comment       0x00000049       0x4a CMakeFiles/1.elf.dir/Drivers/STM32H7xx_HAL_Driver/Src/stm32h7xx_hal_pwr_ex.c.obj
 .comment       0x00000049       0x4a CMakeFiles/1.elf.dir/Drivers/STM32H7xx_HAL_Driver/Src/stm32h7xx_hal_rcc.c.obj
 .comment       0x00000049       0x4a CMakeFiles/1.elf.dir/Drivers/STM32H7xx_HAL_Driver/Src/stm32h7xx_hal_rcc_ex.c.obj
 .comment       0x00000049       0x4a CMakeFiles/1.elf.dir/Drivers/STM32H7xx_HAL_Driver/Src/stm32h7xx_hal_tim.c.obj
 .comment       0x00000049       0x4a CMakeFiles/1.elf.dir/Drivers/STM32H7xx_HAL_Driver/Src/stm32h7xx_hal_tim_ex.c.obj
 .comment       0x00000049       0x4a CMakeFiles/1.elf.dir/Drivers/STM32H7xx_HAL_Driver/Src/stm32h7xx_hal_uart.c.obj
 .comment       0x00000049       0x4a CMakeFiles/1.elf.dir/Drivers/STM32H7xx_HAL_Driver/Src/stm32h7xx_hal_uart_ex.c.obj

.debug_frame    0x00000000     0x2aac
 .debug_frame   0x00000000       0x84 CMakeFiles/1.elf.dir/Core/Src/gpio.c.obj
 .debug_frame   0x00000084       0x5c CMakeFiles/1.elf.dir/Core/Src/main.c.obj
 .debug_frame   0x000000e0       0x28 CMakeFiles/1.elf.dir/Core/Src/stm32h7xx_hal_msp.c.obj
 .debug_frame   0x00000108       0xd0 CMakeFiles/1.elf.dir/Core/Src/stm32h7xx_it.c.obj
 .debug_frame   0x000001d8       0x40 CMakeFiles/1.elf.dir/Core/Src/system_stm32h7xx.c.obj
 .debug_frame   0x00000218       0x64 CMakeFiles/1.elf.dir/Core/Src/tim.c.obj
 .debug_frame   0x0000027c       0x64 CMakeFiles/1.elf.dir/Core/Src/usart.c.obj
 .debug_frame   0x000002e0      0x360 CMakeFiles/1.elf.dir/Drivers/STM32H7xx_HAL_Driver/Src/stm32h7xx_hal.c.obj
 .debug_frame   0x00000640      0x178 CMakeFiles/1.elf.dir/Drivers/STM32H7xx_HAL_Driver/Src/stm32h7xx_hal_cortex.c.obj
 .debug_frame   0x000007b8       0xd0 CMakeFiles/1.elf.dir/Drivers/STM32H7xx_HAL_Driver/Src/stm32h7xx_hal_gpio.c.obj
 .debug_frame   0x00000888      0x2f4 CMakeFiles/1.elf.dir/Drivers/STM32H7xx_HAL_Driver/Src/stm32h7xx_hal_pwr_ex.c.obj
 .debug_frame   0x00000b7c      0x188 CMakeFiles/1.elf.dir/Drivers/STM32H7xx_HAL_Driver/Src/stm32h7xx_hal_rcc.c.obj
 .debug_frame   0x00000d04      0x284 CMakeFiles/1.elf.dir/Drivers/STM32H7xx_HAL_Driver/Src/stm32h7xx_hal_rcc_ex.c.obj
 .debug_frame   0x00000f88      0xb68 CMakeFiles/1.elf.dir/Drivers/STM32H7xx_HAL_Driver/Src/stm32h7xx_hal_tim.c.obj
 .debug_frame   0x00001af0      0x480 CMakeFiles/1.elf.dir/Drivers/STM32H7xx_HAL_Driver/Src/stm32h7xx_hal_tim_ex.c.obj
 .debug_frame   0x00001f70      0x680 CMakeFiles/1.elf.dir/Drivers/STM32H7xx_HAL_Driver/Src/stm32h7xx_hal_uart.c.obj
 .debug_frame   0x000025f0      0x1c8 CMakeFiles/1.elf.dir/Drivers/STM32H7xx_HAL_Driver/Src/stm32h7xx_hal_uart_ex.c.obj
 .debug_frame   0x000027b8       0x4c d:/environment/gcc-arm-none-eabi/bin/../lib/gcc/arm-none-eabi/10.3.1/thumb/v7e-m/nofp\libgcc.a(_arm_addsubsf3.o)
 .debug_frame   0x00002804       0x38 d:/environment/gcc-arm-none-eabi/bin/../lib/gcc/arm-none-eabi/10.3.1/thumb/v7e-m/nofp\libgcc.a(_arm_muldivsf3.o)
 .debug_frame   0x0000283c       0x24 d:/environment/gcc-arm-none-eabi/bin/../lib/gcc/arm-none-eabi/10.3.1/thumb/v7e-m/nofp\libgcc.a(_arm_fixunssfsi.o)
 .debug_frame   0x00002860       0x2c d:/environment/gcc-arm-none-eabi/bin/../lib/gcc/arm-none-eabi/10.3.1/thumb/v7e-m/nofp\libgcc.a(_aeabi_uldivmod.o)
 .debug_frame   0x0000288c       0x34 d:/environment/gcc-arm-none-eabi/bin/../lib/gcc/arm-none-eabi/10.3.1/thumb/v7e-m/nofp\libgcc.a(_udivmoddi4.o)
 .debug_frame   0x000028c0       0x2c d:/environment/gcc-arm-none-eabi/bin/../lib/gcc/arm-none-eabi/10.3.1/../../../../arm-none-eabi/lib/thumb/v7e-m/nofp\libg.a(lib_a-init.o)
 .debug_frame   0x000028ec       0x2c d:/environment/gcc-arm-none-eabi/bin/../lib/gcc/arm-none-eabi/10.3.1/../../../../arm-none-eabi/lib/thumb/v7e-m/nofp\libg.a(lib_a-memset.o)
 .debug_frame   0x00002918       0x5c d:/environment/gcc-arm-none-eabi/bin/../lib/gcc/arm-none-eabi/10.3.1/../../../../arm-none-eabi/lib/thumb/v7e-m/nofp\libg.a(lib_a-__call_atexit.o)
 .debug_frame   0x00002974       0x20 d:/environment/gcc-arm-none-eabi/bin/../lib/gcc/arm-none-eabi/10.3.1/../../../../arm-none-eabi/lib/thumb/v7e-m/nofp\libg.a(lib_a-atexit.o)
 .debug_frame   0x00002994       0x34 d:/environment/gcc-arm-none-eabi/bin/../lib/gcc/arm-none-eabi/10.3.1/../../../../arm-none-eabi/lib/thumb/v7e-m/nofp\libg.a(lib_a-fini.o)
 .debug_frame   0x000029c8       0xb0 d:/environment/gcc-arm-none-eabi/bin/../lib/gcc/arm-none-eabi/10.3.1/../../../../arm-none-eabi/lib/thumb/v7e-m/nofp\libg.a(lib_a-lock.o)
 .debug_frame   0x00002a78       0x34 d:/environment/gcc-arm-none-eabi/bin/../lib/gcc/arm-none-eabi/10.3.1/../../../../arm-none-eabi/lib/thumb/v7e-m/nofp\libg.a(lib_a-__atexit.o)
